<?xml version="1.0" encoding="utf-8"?><testsuites name="pytest tests"><testsuite name="pytest" errors="0" failures="1" skipped="0" tests="4" time="1.726" timestamp="2025-11-10T13:02:18.742828+09:00" hostname="wooritalk-2"><testcase classname="tests.test_suite_complete.TestBasicAPI" name="test_root_endpoint" time="0.186" /><testcase classname="tests.test_suite_complete.TestBasicAPI" name="test_health_check" time="0.032" /><testcase classname="tests.test_suite_complete.TestBasicAPI" name="test_api_docs" time="0.033" /><testcase classname="tests.test_suite_complete.TestBasicAPI" name="test_register_endpoint_exists" time="0.083"><failure message="fastapi.exceptions.ResponseValidationError: 1 validation errors:&#10;  {'type': 'string_type', 'loc': ('response', 'id'), 'msg': 'Input should be a valid string', 'input': 1}">+ Exception Group Traceback (most recent call last):
  |   File "C:\Users\wooritalk\python\BeenCoin-1\BeenCoin-1\venv\Lib\site-packages\starlette\_utils.py", line 79, in collapse_excgroups
  |     yield
  |   File "C:\Users\wooritalk\python\BeenCoin-1\BeenCoin-1\venv\Lib\site-packages\starlette\middleware\base.py", line 183, in __call__
  |     async with anyio.create_task_group() as task_group:
  |                ~~~~~~~~~~~~~~~~~~~~~~~^^
  |   File "C:\Users\wooritalk\python\BeenCoin-1\BeenCoin-1\venv\Lib\site-packages\anyio\_backends\_asyncio.py", line 781, in __aexit__
  |     raise BaseExceptionGroup(
  |         "unhandled errors in a TaskGroup", self._exceptions
  |     ) from None
  | ExceptionGroup: unhandled errors in a TaskGroup (1 sub-exception)
  +-+---------------- 1 ----------------
    | Traceback (most recent call last):
    |   File "C:\Users\wooritalk\python\BeenCoin-1\BeenCoin-1\venv\Lib\site-packages\_pytest\runner.py", line 344, in from_call
    |     result: TResult | None = func()
    |                              ~~~~^^
    |   File "C:\Users\wooritalk\python\BeenCoin-1\BeenCoin-1\venv\Lib\site-packages\_pytest\runner.py", line 246, in &lt;lambda&gt;
    |     lambda: runtest_hook(item=item, **kwds), when=when, reraise=reraise
    |             ~~~~~~~~~~~~^^^^^^^^^^^^^^^^^^^
    |   File "C:\Users\wooritalk\python\BeenCoin-1\BeenCoin-1\venv\Lib\site-packages\pluggy\_hooks.py", line 512, in __call__
    |     return self._hookexec(self.name, self._hookimpls.copy(), kwargs, firstresult)
    |            ~~~~~~~~~~~~~~^^^^^^^^^^^^^^^^^^^^^^^^^^^^^^^^^^^^^^^^^^^^^^^^^^^^^^^^
    |   File "C:\Users\wooritalk\python\BeenCoin-1\BeenCoin-1\venv\Lib\site-packages\pluggy\_manager.py", line 120, in _hookexec
    |     return self._inner_hookexec(hook_name, methods, kwargs, firstresult)
    |            ~~~~~~~~~~~~~~~~~~~~^^^^^^^^^^^^^^^^^^^^^^^^^^^^^^^^^^^^^^^^^
    |   File "C:\Users\wooritalk\python\BeenCoin-1\BeenCoin-1\venv\Lib\site-packages\pluggy\_callers.py", line 167, in _multicall
    |     raise exception
    |   File "C:\Users\wooritalk\python\BeenCoin-1\BeenCoin-1\venv\Lib\site-packages\pluggy\_callers.py", line 139, in _multicall
    |     teardown.throw(exception)
    |     ~~~~~~~~~~~~~~^^^^^^^^^^^
    |   File "C:\Users\wooritalk\python\BeenCoin-1\BeenCoin-1\venv\Lib\site-packages\_pytest\logging.py", line 850, in pytest_runtest_call
    |     yield
    |   File "C:\Users\wooritalk\python\BeenCoin-1\BeenCoin-1\venv\Lib\site-packages\pluggy\_callers.py", line 139, in _multicall
    |     teardown.throw(exception)
    |     ~~~~~~~~~~~~~~^^^^^^^^^^^
    |   File "C:\Users\wooritalk\python\BeenCoin-1\BeenCoin-1\venv\Lib\site-packages\pluggy\_callers.py", line 53, in run_old_style_hookwrapper
    |     return result.get_result()
    |            ~~~~~~~~~~~~~~~~~^^
    |   File "C:\Users\wooritalk\python\BeenCoin-1\BeenCoin-1\venv\Lib\site-packages\pluggy\_result.py", line 103, in get_result
    |     raise exc.with_traceback(tb)
    |   File "C:\Users\wooritalk\python\BeenCoin-1\BeenCoin-1\venv\Lib\site-packages\pluggy\_callers.py", line 38, in run_old_style_hookwrapper
    |     res = yield
    |           ^^^^^
    |   File "C:\Users\wooritalk\python\BeenCoin-1\BeenCoin-1\venv\Lib\site-packages\pluggy\_callers.py", line 139, in _multicall
    |     teardown.throw(exception)
    |     ~~~~~~~~~~~~~~^^^^^^^^^^^
    |   File "C:\Users\wooritalk\python\BeenCoin-1\BeenCoin-1\venv\Lib\site-packages\_pytest\capture.py", line 900, in pytest_runtest_call
    |     return (yield)
    |             ^^^^^
    |   File "C:\Users\wooritalk\python\BeenCoin-1\BeenCoin-1\venv\Lib\site-packages\pluggy\_callers.py", line 139, in _multicall
    |     teardown.throw(exception)
    |     ~~~~~~~~~~~~~~^^^^^^^^^^^
    |   File "C:\Users\wooritalk\python\BeenCoin-1\BeenCoin-1\venv\Lib\site-packages\pluggy\_callers.py", line 53, in run_old_style_hookwrapper
    |     return result.get_result()
    |            ~~~~~~~~~~~~~~~~~^^
    |   File "C:\Users\wooritalk\python\BeenCoin-1\BeenCoin-1\venv\Lib\site-packages\pluggy\_result.py", line 103, in get_result
    |     raise exc.with_traceback(tb)
    |   File "C:\Users\wooritalk\python\BeenCoin-1\BeenCoin-1\venv\Lib\site-packages\pluggy\_callers.py", line 38, in run_old_style_hookwrapper
    |     res = yield
    |           ^^^^^
    |   File "C:\Users\wooritalk\python\BeenCoin-1\BeenCoin-1\venv\Lib\site-packages\pluggy\_callers.py", line 139, in _multicall
    |     teardown.throw(exception)
    |     ~~~~~~~~~~~~~~^^^^^^^^^^^
    |   File "C:\Users\wooritalk\python\BeenCoin-1\BeenCoin-1\venv\Lib\site-packages\_pytest\skipping.py", line 263, in pytest_runtest_call
    |     return (yield)
    |             ^^^^^
    |   File "C:\Users\wooritalk\python\BeenCoin-1\BeenCoin-1\venv\Lib\site-packages\pluggy\_callers.py", line 121, in _multicall
    |     res = hook_impl.function(*args)
    |   File "C:\Users\wooritalk\python\BeenCoin-1\BeenCoin-1\venv\Lib\site-packages\_pytest\runner.py", line 178, in pytest_runtest_call
    |     item.runtest()
    |     ~~~~~~~~~~~~^^
    |   File "C:\Users\wooritalk\python\BeenCoin-1\BeenCoin-1\venv\Lib\site-packages\_pytest\python.py", line 1671, in runtest
    |     self.ihook.pytest_pyfunc_call(pyfuncitem=self)
    |     ~~~~~~~~~~~~~~~~~~~~~~~~~~~~~^^^^^^^^^^^^^^^^^
    |   File "C:\Users\wooritalk\python\BeenCoin-1\BeenCoin-1\venv\Lib\site-packages\pluggy\_hooks.py", line 512, in __call__
    |     return self._hookexec(self.name, self._hookimpls.copy(), kwargs, firstresult)
    |            ~~~~~~~~~~~~~~^^^^^^^^^^^^^^^^^^^^^^^^^^^^^^^^^^^^^^^^^^^^^^^^^^^^^^^^
    |   File "C:\Users\wooritalk\python\BeenCoin-1\BeenCoin-1\venv\Lib\site-packages\pluggy\_manager.py", line 120, in _hookexec
    |     return self._inner_hookexec(hook_name, methods, kwargs, firstresult)
    |            ~~~~~~~~~~~~~~~~~~~~^^^^^^^^^^^^^^^^^^^^^^^^^^^^^^^^^^^^^^^^^
    |   File "C:\Users\wooritalk\python\BeenCoin-1\BeenCoin-1\venv\Lib\site-packages\pluggy\_callers.py", line 167, in _multicall
    |     raise exception
    |   File "C:\Users\wooritalk\python\BeenCoin-1\BeenCoin-1\venv\Lib\site-packages\pluggy\_callers.py", line 139, in _multicall
    |     teardown.throw(exception)
    |     ~~~~~~~~~~~~~~^^^^^^^^^^^
    |   File "C:\Users\wooritalk\python\BeenCoin-1\BeenCoin-1\venv\Lib\site-packages\pluggy\_callers.py", line 53, in run_old_style_hookwrapper
    |     return result.get_result()
    |            ~~~~~~~~~~~~~~~~~^^
    |   File "C:\Users\wooritalk\python\BeenCoin-1\BeenCoin-1\venv\Lib\site-packages\pluggy\_result.py", line 103, in get_result
    |     raise exc.with_traceback(tb)
    |   File "C:\Users\wooritalk\python\BeenCoin-1\BeenCoin-1\venv\Lib\site-packages\pluggy\_callers.py", line 38, in run_old_style_hookwrapper
    |     res = yield
    |           ^^^^^
    |   File "C:\Users\wooritalk\python\BeenCoin-1\BeenCoin-1\venv\Lib\site-packages\pluggy\_callers.py", line 121, in _multicall
    |     res = hook_impl.function(*args)
    |   File "C:\Users\wooritalk\python\BeenCoin-1\BeenCoin-1\venv\Lib\site-packages\_pytest\python.py", line 157, in pytest_pyfunc_call
    |     result = testfunction(**testargs)
    |   File "C:\Users\wooritalk\python\BeenCoin-1\BeenCoin-1\tests\test_suite_complete.py", line 30, in test_register_endpoint_exists
    |     response = client.post(
    |         "/api/v1/auth/register",
    |     ...&lt;4 lines&gt;...
    |         }
    |     )
    |   File "C:\Users\wooritalk\python\BeenCoin-1\BeenCoin-1\venv\Lib\site-packages\starlette\testclient.py", line 552, in post
    |     return super().post(
    |            ~~~~~~~~~~~~^
    |         url,
    |         ^^^^
    |     ...&lt;10 lines&gt;...
    |         extensions=extensions,
    |         ^^^^^^^^^^^^^^^^^^^^^^
    |     )
    |     ^
    |   File "C:\Users\wooritalk\python\BeenCoin-1\BeenCoin-1\venv\Lib\site-packages\httpx\_client.py", line 1146, in post
    |     return self.request(
    |            ~~~~~~~~~~~~^
    |         "POST",
    |         ^^^^^^^
    |     ...&lt;11 lines&gt;...
    |         extensions=extensions,
    |         ^^^^^^^^^^^^^^^^^^^^^^
    |     )
    |     ^
    |   File "C:\Users\wooritalk\python\BeenCoin-1\BeenCoin-1\venv\Lib\site-packages\starlette\testclient.py", line 451, in request
    |     return super().request(
    |            ~~~~~~~~~~~~~~~^
    |         method,
    |         ^^^^^^^
    |     ...&lt;11 lines&gt;...
    |         extensions=extensions,
    |         ^^^^^^^^^^^^^^^^^^^^^^
    |     )
    |     ^
    |   File "C:\Users\wooritalk\python\BeenCoin-1\BeenCoin-1\venv\Lib\site-packages\httpx\_client.py", line 828, in request
    |     return self.send(request, auth=auth, follow_redirects=follow_redirects)
    |            ~~~~~~~~~^^^^^^^^^^^^^^^^^^^^^^^^^^^^^^^^^^^^^^^^^^^^^^^^^^^^^^^
    |   File "C:\Users\wooritalk\python\BeenCoin-1\BeenCoin-1\venv\Lib\site-packages\httpx\_client.py", line 915, in send
    |     response = self._send_handling_auth(
    |         request,
    |     ...&lt;2 lines&gt;...
    |         history=[],
    |     )
    |   File "C:\Users\wooritalk\python\BeenCoin-1\BeenCoin-1\venv\Lib\site-packages\httpx\_client.py", line 943, in _send_handling_auth
    |     response = self._send_handling_redirects(
    |         request,
    |         follow_redirects=follow_redirects,
    |         history=history,
    |     )
    |   File "C:\Users\wooritalk\python\BeenCoin-1\BeenCoin-1\venv\Lib\site-packages\httpx\_client.py", line 980, in _send_handling_redirects
    |     response = self._send_single_request(request)
    |   File "C:\Users\wooritalk\python\BeenCoin-1\BeenCoin-1\venv\Lib\site-packages\httpx\_client.py", line 1016, in _send_single_request
    |     response = transport.handle_request(request)
    |   File "C:\Users\wooritalk\python\BeenCoin-1\BeenCoin-1\venv\Lib\site-packages\starlette\testclient.py", line 354, in handle_request
    |     raise exc
    |   File "C:\Users\wooritalk\python\BeenCoin-1\BeenCoin-1\venv\Lib\site-packages\starlette\testclient.py", line 351, in handle_request
    |     portal.call(self.app, scope, receive, send)
    |     ~~~~~~~~~~~^^^^^^^^^^^^^^^^^^^^^^^^^^^^^^^^
    |   File "C:\Users\wooritalk\python\BeenCoin-1\BeenCoin-1\venv\Lib\site-packages\anyio\from_thread.py", line 321, in call
    |     return cast(T_Retval, self.start_task_soon(func, *args).result())
    |                           ~~~~~~~~~~~~~~~~~~~~~~~~~~~~~~~~~~~~~~~~^^
    |   File "C:\Program Files\WindowsApps\PythonSoftwareFoundation.Python.3.13_3.13.2544.0_x64__qbz5n2kfra8p0\Lib\concurrent\futures\_base.py", line 456, in result
    |     return self.__get_result()
    |            ~~~~~~~~~~~~~~~~~^^
    |   File "C:\Program Files\WindowsApps\PythonSoftwareFoundation.Python.3.13_3.13.2544.0_x64__qbz5n2kfra8p0\Lib\concurrent\futures\_base.py", line 401, in __get_result
    |     raise self._exception
    |   File "C:\Users\wooritalk\python\BeenCoin-1\BeenCoin-1\venv\Lib\site-packages\anyio\from_thread.py", line 252, in _call_func
    |     retval = await retval_or_awaitable
    |              ^^^^^^^^^^^^^^^^^^^^^^^^^
    |   File "C:\Users\wooritalk\python\BeenCoin-1\BeenCoin-1\venv\Lib\site-packages\fastapi\applications.py", line 1082, in __call__
    |     await super().__call__(scope, receive, send)
    |   File "C:\Users\wooritalk\python\BeenCoin-1\BeenCoin-1\venv\Lib\site-packages\starlette\applications.py", line 113, in __call__
    |     await self.middleware_stack(scope, receive, send)
    |   File "C:\Users\wooritalk\python\BeenCoin-1\BeenCoin-1\venv\Lib\site-packages\starlette\middleware\errors.py", line 186, in __call__
    |     raise exc
    |   File "C:\Users\wooritalk\python\BeenCoin-1\BeenCoin-1\venv\Lib\site-packages\starlette\middleware\errors.py", line 164, in __call__
    |     await self.app(scope, receive, _send)
    |   File "C:\Users\wooritalk\python\BeenCoin-1\BeenCoin-1\venv\Lib\site-packages\starlette\middleware\base.py", line 182, in __call__
    |     with recv_stream, send_stream, collapse_excgroups():
    |                                    ~~~~~~~~~~~~~~~~~~^^
    |   File "C:\Program Files\WindowsApps\PythonSoftwareFoundation.Python.3.13_3.13.2544.0_x64__qbz5n2kfra8p0\Lib\contextlib.py", line 162, in __exit__
    |     self.gen.throw(value)
    |     ~~~~~~~~~~~~~~^^^^^^^
    |   File "C:\Users\wooritalk\python\BeenCoin-1\BeenCoin-1\venv\Lib\site-packages\starlette\_utils.py", line 85, in collapse_excgroups
    |     raise exc
    |   File "C:\Users\wooritalk\python\BeenCoin-1\BeenCoin-1\venv\Lib\site-packages\starlette\middleware\base.py", line 184, in __call__
    |     response = await self.dispatch_func(request, call_next)
    |                ^^^^^^^^^^^^^^^^^^^^^^^^^^^^^^^^^^^^^^^^^^^^
    |   File "C:\Users\wooritalk\python\BeenCoin-1\BeenCoin-1\app\middleware\rate_limit.py", line 178, in rate_limit_middleware
    |     response = await call_next(request)
    |                ^^^^^^^^^^^^^^^^^^^^^^^^
    |   File "C:\Users\wooritalk\python\BeenCoin-1\BeenCoin-1\venv\Lib\site-packages\starlette\middleware\base.py", line 159, in call_next
    |     raise app_exc
    |   File "C:\Users\wooritalk\python\BeenCoin-1\BeenCoin-1\venv\Lib\site-packages\starlette\middleware\base.py", line 144, in coro
    |     await self.app(scope, receive_or_disconnect, send_no_error)
    |   File "C:\Users\wooritalk\python\BeenCoin-1\BeenCoin-1\venv\Lib\site-packages\starlette\middleware\cors.py", line 85, in __call__
    |     await self.app(scope, receive, send)
    |   File "C:\Users\wooritalk\python\BeenCoin-1\BeenCoin-1\venv\Lib\site-packages\starlette\middleware\exceptions.py", line 63, in __call__
    |     await wrap_app_handling_exceptions(self.app, conn)(scope, receive, send)
    |   File "C:\Users\wooritalk\python\BeenCoin-1\BeenCoin-1\venv\Lib\site-packages\starlette\_exception_handler.py", line 53, in wrapped_app
    |     raise exc
    |   File "C:\Users\wooritalk\python\BeenCoin-1\BeenCoin-1\venv\Lib\site-packages\starlette\_exception_handler.py", line 42, in wrapped_app
    |     await app(scope, receive, sender)
    |   File "C:\Users\wooritalk\python\BeenCoin-1\BeenCoin-1\venv\Lib\site-packages\starlette\routing.py", line 716, in __call__
    |     await self.middleware_stack(scope, receive, send)
    |   File "C:\Users\wooritalk\python\BeenCoin-1\BeenCoin-1\venv\Lib\site-packages\starlette\routing.py", line 736, in app
    |     await route.handle(scope, receive, send)
    |   File "C:\Users\wooritalk\python\BeenCoin-1\BeenCoin-1\venv\Lib\site-packages\starlette\routing.py", line 290, in handle
    |     await self.app(scope, receive, send)
    |   File "C:\Users\wooritalk\python\BeenCoin-1\BeenCoin-1\venv\Lib\site-packages\starlette\routing.py", line 78, in app
    |     await wrap_app_handling_exceptions(app, request)(scope, receive, send)
    |   File "C:\Users\wooritalk\python\BeenCoin-1\BeenCoin-1\venv\Lib\site-packages\starlette\_exception_handler.py", line 53, in wrapped_app
    |     raise exc
    |   File "C:\Users\wooritalk\python\BeenCoin-1\BeenCoin-1\venv\Lib\site-packages\starlette\_exception_handler.py", line 42, in wrapped_app
    |     await app(scope, receive, sender)
    |   File "C:\Users\wooritalk\python\BeenCoin-1\BeenCoin-1\venv\Lib\site-packages\starlette\routing.py", line 75, in app
    |     response = await f(request)
    |                ^^^^^^^^^^^^^^^^
    |   File "C:\Users\wooritalk\python\BeenCoin-1\BeenCoin-1\venv\Lib\site-packages\fastapi\routing.py", line 334, in app
    |     content = await serialize_response(
    |               ^^^^^^^^^^^^^^^^^^^^^^^^^
    |     ...&lt;9 lines&gt;...
    |     )
    |     ^
    |   File "C:\Users\wooritalk\python\BeenCoin-1\BeenCoin-1\venv\Lib\site-packages\fastapi\routing.py", line 183, in serialize_response
    |     raise ResponseValidationError(
    |         errors=_normalize_errors(errors), body=response_content
    |     )
    | fastapi.exceptions.ResponseValidationError: 1 validation errors:
    |   {'type': 'string_type', 'loc': ('response', 'id'), 'msg': 'Input should be a valid string', 'input': 1}
    | 
    +------------------------------------

During handling of the above exception, another exception occurred:

Traceback (most recent call last):
  File "C:\Users\wooritalk\python\BeenCoin-1\BeenCoin-1\tests\test_suite_complete.py", line 30, in test_register_endpoint_exists
    response = client.post(
        "/api/v1/auth/register",
    ...&lt;4 lines&gt;...
        }
    )
  File "C:\Users\wooritalk\python\BeenCoin-1\BeenCoin-1\venv\Lib\site-packages\starlette\testclient.py", line 552, in post
    return super().post(
           ~~~~~~~~~~~~^
        url,
        ^^^^
    ...&lt;10 lines&gt;...
        extensions=extensions,
        ^^^^^^^^^^^^^^^^^^^^^^
    )
    ^
  File "C:\Users\wooritalk\python\BeenCoin-1\BeenCoin-1\venv\Lib\site-packages\httpx\_client.py", line 1146, in post
    return self.request(
           ~~~~~~~~~~~~^
        "POST",
        ^^^^^^^
    ...&lt;11 lines&gt;...
        extensions=extensions,
        ^^^^^^^^^^^^^^^^^^^^^^
    )
    ^
  File "C:\Users\wooritalk\python\BeenCoin-1\BeenCoin-1\venv\Lib\site-packages\starlette\testclient.py", line 451, in request
    return super().request(
           ~~~~~~~~~~~~~~~^
        method,
        ^^^^^^^
    ...&lt;11 lines&gt;...
        extensions=extensions,
        ^^^^^^^^^^^^^^^^^^^^^^
    )
    ^
  File "C:\Users\wooritalk\python\BeenCoin-1\BeenCoin-1\venv\Lib\site-packages\httpx\_client.py", line 828, in request
    return self.send(request, auth=auth, follow_redirects=follow_redirects)
           ~~~~~~~~~^^^^^^^^^^^^^^^^^^^^^^^^^^^^^^^^^^^^^^^^^^^^^^^^^^^^^^^
  File "C:\Users\wooritalk\python\BeenCoin-1\BeenCoin-1\venv\Lib\site-packages\httpx\_client.py", line 915, in send
    response = self._send_handling_auth(
        request,
    ...&lt;2 lines&gt;...
        history=[],
    )
  File "C:\Users\wooritalk\python\BeenCoin-1\BeenCoin-1\venv\Lib\site-packages\httpx\_client.py", line 943, in _send_handling_auth
    response = self._send_handling_redirects(
        request,
        follow_redirects=follow_redirects,
        history=history,
    )
  File "C:\Users\wooritalk\python\BeenCoin-1\BeenCoin-1\venv\Lib\site-packages\httpx\_client.py", line 980, in _send_handling_redirects
    response = self._send_single_request(request)
  File "C:\Users\wooritalk\python\BeenCoin-1\BeenCoin-1\venv\Lib\site-packages\httpx\_client.py", line 1016, in _send_single_request
    response = transport.handle_request(request)
  File "C:\Users\wooritalk\python\BeenCoin-1\BeenCoin-1\venv\Lib\site-packages\starlette\testclient.py", line 354, in handle_request
    raise exc
  File "C:\Users\wooritalk\python\BeenCoin-1\BeenCoin-1\venv\Lib\site-packages\starlette\testclient.py", line 351, in handle_request
    portal.call(self.app, scope, receive, send)
    ~~~~~~~~~~~^^^^^^^^^^^^^^^^^^^^^^^^^^^^^^^^
  File "C:\Users\wooritalk\python\BeenCoin-1\BeenCoin-1\venv\Lib\site-packages\anyio\from_thread.py", line 321, in call
    return cast(T_Retval, self.start_task_soon(func, *args).result())
                          ~~~~~~~~~~~~~~~~~~~~~~~~~~~~~~~~~~~~~~~~^^
  File "C:\Program Files\WindowsApps\PythonSoftwareFoundation.Python.3.13_3.13.2544.0_x64__qbz5n2kfra8p0\Lib\concurrent\futures\_base.py", line 456, in result
    return self.__get_result()
           ~~~~~~~~~~~~~~~~~^^
  File "C:\Program Files\WindowsApps\PythonSoftwareFoundation.Python.3.13_3.13.2544.0_x64__qbz5n2kfra8p0\Lib\concurrent\futures\_base.py", line 401, in __get_result
    raise self._exception
  File "C:\Users\wooritalk\python\BeenCoin-1\BeenCoin-1\venv\Lib\site-packages\anyio\from_thread.py", line 252, in _call_func
    retval = await retval_or_awaitable
             ^^^^^^^^^^^^^^^^^^^^^^^^^
  File "C:\Users\wooritalk\python\BeenCoin-1\BeenCoin-1\venv\Lib\site-packages\fastapi\applications.py", line 1082, in __call__
    await super().__call__(scope, receive, send)
  File "C:\Users\wooritalk\python\BeenCoin-1\BeenCoin-1\venv\Lib\site-packages\starlette\applications.py", line 113, in __call__
    await self.middleware_stack(scope, receive, send)
  File "C:\Users\wooritalk\python\BeenCoin-1\BeenCoin-1\venv\Lib\site-packages\starlette\middleware\errors.py", line 186, in __call__
    raise exc
  File "C:\Users\wooritalk\python\BeenCoin-1\BeenCoin-1\venv\Lib\site-packages\starlette\middleware\errors.py", line 164, in __call__
    await self.app(scope, receive, _send)
  File "C:\Users\wooritalk\python\BeenCoin-1\BeenCoin-1\venv\Lib\site-packages\starlette\middleware\base.py", line 182, in __call__
    with recv_stream, send_stream, collapse_excgroups():
                                   ~~~~~~~~~~~~~~~~~~^^
  File "C:\Program Files\WindowsApps\PythonSoftwareFoundation.Python.3.13_3.13.2544.0_x64__qbz5n2kfra8p0\Lib\contextlib.py", line 162, in __exit__
    self.gen.throw(value)
    ~~~~~~~~~~~~~~^^^^^^^
  File "C:\Users\wooritalk\python\BeenCoin-1\BeenCoin-1\venv\Lib\site-packages\starlette\_utils.py", line 85, in collapse_excgroups
    raise exc
  File "C:\Users\wooritalk\python\BeenCoin-1\BeenCoin-1\venv\Lib\site-packages\starlette\middleware\base.py", line 184, in __call__
    response = await self.dispatch_func(request, call_next)
               ^^^^^^^^^^^^^^^^^^^^^^^^^^^^^^^^^^^^^^^^^^^^
  File "C:\Users\wooritalk\python\BeenCoin-1\BeenCoin-1\app\middleware\rate_limit.py", line 178, in rate_limit_middleware
    response = await call_next(request)
               ^^^^^^^^^^^^^^^^^^^^^^^^
  File "C:\Users\wooritalk\python\BeenCoin-1\BeenCoin-1\venv\Lib\site-packages\starlette\middleware\base.py", line 159, in call_next
    raise app_exc
  File "C:\Users\wooritalk\python\BeenCoin-1\BeenCoin-1\venv\Lib\site-packages\starlette\middleware\base.py", line 144, in coro
    await self.app(scope, receive_or_disconnect, send_no_error)
  File "C:\Users\wooritalk\python\BeenCoin-1\BeenCoin-1\venv\Lib\site-packages\starlette\middleware\cors.py", line 85, in __call__
    await self.app(scope, receive, send)
  File "C:\Users\wooritalk\python\BeenCoin-1\BeenCoin-1\venv\Lib\site-packages\starlette\middleware\exceptions.py", line 63, in __call__
    await wrap_app_handling_exceptions(self.app, conn)(scope, receive, send)
  File "C:\Users\wooritalk\python\BeenCoin-1\BeenCoin-1\venv\Lib\site-packages\starlette\_exception_handler.py", line 53, in wrapped_app
    raise exc
  File "C:\Users\wooritalk\python\BeenCoin-1\BeenCoin-1\venv\Lib\site-packages\starlette\_exception_handler.py", line 42, in wrapped_app
    await app(scope, receive, sender)
  File "C:\Users\wooritalk\python\BeenCoin-1\BeenCoin-1\venv\Lib\site-packages\starlette\routing.py", line 716, in __call__
    await self.middleware_stack(scope, receive, send)
  File "C:\Users\wooritalk\python\BeenCoin-1\BeenCoin-1\venv\Lib\site-packages\starlette\routing.py", line 736, in app
    await route.handle(scope, receive, send)
  File "C:\Users\wooritalk\python\BeenCoin-1\BeenCoin-1\venv\Lib\site-packages\starlette\routing.py", line 290, in handle
    await self.app(scope, receive, send)
  File "C:\Users\wooritalk\python\BeenCoin-1\BeenCoin-1\venv\Lib\site-packages\starlette\routing.py", line 78, in app
    await wrap_app_handling_exceptions(app, request)(scope, receive, send)
  File "C:\Users\wooritalk\python\BeenCoin-1\BeenCoin-1\venv\Lib\site-packages\starlette\_exception_handler.py", line 53, in wrapped_app
    raise exc
  File "C:\Users\wooritalk\python\BeenCoin-1\BeenCoin-1\venv\Lib\site-packages\starlette\_exception_handler.py", line 42, in wrapped_app
    await app(scope, receive, sender)
  File "C:\Users\wooritalk\python\BeenCoin-1\BeenCoin-1\venv\Lib\site-packages\starlette\routing.py", line 75, in app
    response = await f(request)
               ^^^^^^^^^^^^^^^^
  File "C:\Users\wooritalk\python\BeenCoin-1\BeenCoin-1\venv\Lib\site-packages\fastapi\routing.py", line 334, in app
    content = await serialize_response(
              ^^^^^^^^^^^^^^^^^^^^^^^^^
    ...&lt;9 lines&gt;...
    )
    ^
  File "C:\Users\wooritalk\python\BeenCoin-1\BeenCoin-1\venv\Lib\site-packages\fastapi\routing.py", line 183, in serialize_response
    raise ResponseValidationError(
        errors=_normalize_errors(errors), body=response_content
    )
fastapi.exceptions.ResponseValidationError: 1 validation errors:
  {'type': 'string_type', 'loc': ('response', 'id'), 'msg': 'Input should be a valid string', 'input': 1}


During handling of the above exception, another exception occurred:
tests\test_suite_complete.py:30: in test_register_endpoint_exists
    response = client.post(
        client     = &lt;starlette.testclient.TestClient object at 0x000001F34264C3E0&gt;
        self       = &lt;test_suite_complete.TestBasicAPI object at 0x000001F3423CC3E0&gt;
venv\Lib\site-packages\starlette\testclient.py:552: in post
    return super().post(
        __class__  = &lt;class 'starlette.testclient.TestClient'&gt;
        auth       = &lt;httpx._client.UseClientDefault object at 0x000001F340993E00&gt;
        content    = None
        cookies    = None
        data       = None
        extensions = None
        files      = None
        follow_redirects = &lt;httpx._client.UseClientDefault object at 0x000001F340993E00&gt;
        headers    = None
        json       = {'email': 'test@example.com', 'password': 'testpass123', 'username': 'testuser'}
        params     = None
        self       = &lt;starlette.testclient.TestClient object at 0x000001F34264C3E0&gt;
        timeout    = &lt;httpx._client.UseClientDefault object at 0x000001F340993E00&gt;
        url        = '/api/v1/auth/register'
venv\Lib\site-packages\httpx\_client.py:1146: in post
    return self.request(
        auth       = &lt;httpx._client.UseClientDefault object at 0x000001F340993E00&gt;
        content    = None
        cookies    = None
        data       = None
        extensions = None
        files      = None
        follow_redirects = &lt;httpx._client.UseClientDefault object at 0x000001F340993E00&gt;
        headers    = None
        json       = {'email': 'test@example.com', 'password': 'testpass123', 'username': 'testuser'}
        params     = None
        self       = &lt;starlette.testclient.TestClient object at 0x000001F34264C3E0&gt;
        timeout    = &lt;httpx._client.UseClientDefault object at 0x000001F340993E00&gt;
        url        = '/api/v1/auth/register'
venv\Lib\site-packages\starlette\testclient.py:451: in request
    return super().request(
        __class__  = &lt;class 'starlette.testclient.TestClient'&gt;
        auth       = &lt;httpx._client.UseClientDefault object at 0x000001F340993E00&gt;
        content    = None
        cookies    = None
        data       = None
        extensions = None
        files      = None
        follow_redirects = &lt;httpx._client.UseClientDefault object at 0x000001F340993E00&gt;
        headers    = None
        json       = {'email': 'test@example.com', 'password': 'testpass123', 'username': 'testuser'}
        method     = 'POST'
        params     = None
        self       = &lt;starlette.testclient.TestClient object at 0x000001F34264C3E0&gt;
        timeout    = &lt;httpx._client.UseClientDefault object at 0x000001F340993E00&gt;
        url        = URL('http://testserver/api/v1/auth/register')
venv\Lib\site-packages\httpx\_client.py:828: in request
    return self.send(request, auth=auth, follow_redirects=follow_redirects)
           ^^^^^^^^^^^^^^^^^^^^^^^^^^^^^^^^^^^^^^^^^^^^^^^^^^^^^^^^^^^^^^^^
        auth       = &lt;httpx._client.UseClientDefault object at 0x000001F340993E00&gt;
        content    = None
        cookies    = None
        data       = None
        extensions = None
        files      = None
        follow_redirects = &lt;httpx._client.UseClientDefault object at 0x000001F340993E00&gt;
        headers    = None
        json       = {'email': 'test@example.com', 'password': 'testpass123', 'username': 'testuser'}
        method     = 'POST'
        params     = None
        request    = &lt;Request('POST', 'http://testserver/api/v1/auth/register')&gt;
        self       = &lt;starlette.testclient.TestClient object at 0x000001F34264C3E0&gt;
        timeout    = &lt;httpx._client.UseClientDefault object at 0x000001F340993E00&gt;
        url        = URL('http://testserver/api/v1/auth/register')
venv\Lib\site-packages\httpx\_client.py:915: in send
    response = self._send_handling_auth(
        auth       = &lt;httpx.Auth object at 0x000001F34264EEA0&gt;
        follow_redirects = True
        request    = &lt;Request('POST', 'http://testserver/api/v1/auth/register')&gt;
        self       = &lt;starlette.testclient.TestClient object at 0x000001F34264C3E0&gt;
        stream     = False
venv\Lib\site-packages\httpx\_client.py:943: in _send_handling_auth
    response = self._send_handling_redirects(
        auth       = &lt;httpx.Auth object at 0x000001F34264EEA0&gt;
        auth_flow  = &lt;generator object Auth.sync_auth_flow at 0x000001F342642CE0&gt;
        follow_redirects = True
        history    = []
        request    = &lt;Request('POST', 'http://testserver/api/v1/auth/register')&gt;
        self       = &lt;starlette.testclient.TestClient object at 0x000001F34264C3E0&gt;
venv\Lib\site-packages\httpx\_client.py:980: in _send_handling_redirects
    response = self._send_single_request(request)
               ^^^^^^^^^^^^^^^^^^^^^^^^^^^^^^^^^^
        follow_redirects = True
        history    = []
        request    = &lt;Request('POST', 'http://testserver/api/v1/auth/register')&gt;
        self       = &lt;starlette.testclient.TestClient object at 0x000001F34264C3E0&gt;
venv\Lib\site-packages\httpx\_client.py:1016: in _send_single_request
    response = transport.handle_request(request)
               ^^^^^^^^^^^^^^^^^^^^^^^^^^^^^^^^^
        request    = &lt;Request('POST', 'http://testserver/api/v1/auth/register')&gt;
        self       = &lt;starlette.testclient.TestClient object at 0x000001F34264C3E0&gt;
        timer      = &lt;httpx._utils.Timer object at 0x000001F34264EFD0&gt;
        transport  = &lt;starlette.testclient._TestClientTransport object at 0x000001F34264D220&gt;
venv\Lib\site-packages\starlette\testclient.py:354: in handle_request
    raise exc
        context    = None
        default_port = 80
        headers    = [(b'host', b'testserver'),
 (b'accept', b'*/*'),
 (b'accept-encoding', b'gzip, deflate'),
 (b'connection', b'keep-alive'),
 (b'user-agent', b'testclient'),
 (b'content-length', b'80'),
 (b'content-type', b'application/json')]
        host       = 'testserver'
        netloc     = 'testserver'
        path       = '/api/v1/auth/register'
        port       = 80
        portal     = &lt;anyio._backends._asyncio.BlockingPortal object at 0x000001F34264E8B0&gt;
        query      = ''
        raw_kwargs = {'headers': [('content-length', '21'),
             ('content-type', 'text/plain; charset=utf-8')],
 'status_code': 500,
 'stream': &lt;_io.BytesIO object at 0x000001F34262A250&gt;}
        raw_path   = b'/api/v1/auth/register'
        receive    = &lt;function _TestClientTransport.handle_request.&lt;locals&gt;.receive at 0x000001F34265A520&gt;
        request    = &lt;Request('POST', 'http://testserver/api/v1/auth/register')&gt;
        request_complete = True
        response_complete = &lt;anyio._backends._asyncio.Event object at 0x000001F34262B070&gt;
        response_started = True
        scheme     = 'http'
        scope      = {'app': &lt;fastapi.applications.FastAPI object at 0x000001F34211A3C0&gt;,
 'client': ('testclient', 50000),
 'endpoint': &lt;function register at 0x000001F342146FC0&gt;,
 'extensions': {'http.response.debug': {}},
 'headers': [(b'host', b'testserver'),
             (b'accept', b'*/*'),
             (b'accept-encoding', b'gzip, deflate'),
             (b'connection', b'keep-alive'),
             (b'user-agent', b'testclient'),
             (b'content-length', b'80'),
             (b'content-type', b'application/json')],
 'http_version': '1.1',
 'method': 'POST',
 'path': '/api/v1/auth/register',
 'path_params': {},
 'query_string': b'',
 'raw_path': b'/api/v1/auth/register',
 'root_path': '',
 'route': APIRoute(path='/api/v1/auth/register', name='register', methods=['POST']),
 'router': &lt;fastapi.routing.APIRouter object at 0x000001F342238D50&gt;,
 'scheme': 'http',
 'server': ['testserver', 80],
 'starlette.exception_handlers': ({&lt;class 'starlette.exceptions.HTTPException'&gt;: &lt;function http_exception_handler at 0x000001F3409242C0&gt;,
                                   &lt;class 'fastapi.exceptions.WebSocketRequestValidationError'&gt;: &lt;function websocket_request_validation_exception_handler at 0x000001F340924360&gt;,
                                   &lt;class 'fastapi.exceptions.RequestValidationError'&gt;: &lt;function request_validation_exception_handler at 0x000001F340924540&gt;,
                                   &lt;class 'starlette.exceptions.WebSocketException'&gt;: &lt;bound method ExceptionMiddleware.websocket_exception of &lt;starlette.middleware.exceptions.ExceptionMiddleware object at 0x000001F3424DA900&gt;&gt;},
                                  {}),
 'state': {},
 'type': 'http'}
        self       = &lt;starlette.testclient._TestClientTransport object at 0x000001F34264D220&gt;
        send       = &lt;function _TestClientTransport.handle_request.&lt;locals&gt;.send at 0x000001F342659F80&gt;
        template   = None
venv\Lib\site-packages\starlette\testclient.py:351: in handle_request
    portal.call(self.app, scope, receive, send)
        context    = None
        default_port = 80
        headers    = [(b'host', b'testserver'),
 (b'accept', b'*/*'),
 (b'accept-encoding', b'gzip, deflate'),
 (b'connection', b'keep-alive'),
 (b'user-agent', b'testclient'),
 (b'content-length', b'80'),
 (b'content-type', b'application/json')]
        host       = 'testserver'
        netloc     = 'testserver'
        path       = '/api/v1/auth/register'
        port       = 80
        portal     = &lt;anyio._backends._asyncio.BlockingPortal object at 0x000001F34264E8B0&gt;
        query      = ''
        raw_kwargs = {'headers': [('content-length', '21'),
             ('content-type', 'text/plain; charset=utf-8')],
 'status_code': 500,
 'stream': &lt;_io.BytesIO object at 0x000001F34262A250&gt;}
        raw_path   = b'/api/v1/auth/register'
        receive    = &lt;function _TestClientTransport.handle_request.&lt;locals&gt;.receive at 0x000001F34265A520&gt;
        request    = &lt;Request('POST', 'http://testserver/api/v1/auth/register')&gt;
        request_complete = True
        response_complete = &lt;anyio._backends._asyncio.Event object at 0x000001F34262B070&gt;
        response_started = True
        scheme     = 'http'
        scope      = {'app': &lt;fastapi.applications.FastAPI object at 0x000001F34211A3C0&gt;,
 'client': ('testclient', 50000),
 'endpoint': &lt;function register at 0x000001F342146FC0&gt;,
 'extensions': {'http.response.debug': {}},
 'headers': [(b'host', b'testserver'),
             (b'accept', b'*/*'),
             (b'accept-encoding', b'gzip, deflate'),
             (b'connection', b'keep-alive'),
             (b'user-agent', b'testclient'),
             (b'content-length', b'80'),
             (b'content-type', b'application/json')],
 'http_version': '1.1',
 'method': 'POST',
 'path': '/api/v1/auth/register',
 'path_params': {},
 'query_string': b'',
 'raw_path': b'/api/v1/auth/register',
 'root_path': '',
 'route': APIRoute(path='/api/v1/auth/register', name='register', methods=['POST']),
 'router': &lt;fastapi.routing.APIRouter object at 0x000001F342238D50&gt;,
 'scheme': 'http',
 'server': ['testserver', 80],
 'starlette.exception_handlers': ({&lt;class 'starlette.exceptions.HTTPException'&gt;: &lt;function http_exception_handler at 0x000001F3409242C0&gt;,
                                   &lt;class 'fastapi.exceptions.WebSocketRequestValidationError'&gt;: &lt;function websocket_request_validation_exception_handler at 0x000001F340924360&gt;,
                                   &lt;class 'fastapi.exceptions.RequestValidationError'&gt;: &lt;function request_validation_exception_handler at 0x000001F340924540&gt;,
                                   &lt;class 'starlette.exceptions.WebSocketException'&gt;: &lt;bound method ExceptionMiddleware.websocket_exception of &lt;starlette.middleware.exceptions.ExceptionMiddleware object at 0x000001F3424DA900&gt;&gt;},
                                  {}),
 'state': {},
 'type': 'http'}
        self       = &lt;starlette.testclient._TestClientTransport object at 0x000001F34264D220&gt;
        send       = &lt;function _TestClientTransport.handle_request.&lt;locals&gt;.send at 0x000001F342659F80&gt;
        template   = None
venv\Lib\site-packages\anyio\from_thread.py:321: in call
    return cast(T_Retval, self.start_task_soon(func, *args).result())
                          ^^^^^^^^^^^^^^^^^^^^^^^^^^^^^^^^^^^^^^^^^^
        args       = ({'app': &lt;fastapi.applications.FastAPI object at 0x000001F34211A3C0&gt;,
  'client': ('testclient', 50000),
  'endpoint': &lt;function register at 0x000001F342146FC0&gt;,
  'extensions': {'http.response.debug': {}},
  'headers': [(b'host', b'testserver'),
              (b'accept', b'*/*'),
              (b'accept-encoding', b'gzip, deflate'),
              (b'connection', b'keep-alive'),
              (b'user-agent', b'testclient'),
              (b'content-length', b'80'),
              (b'content-type', b'application/json')],
  'http_version': '1.1',
  'method': 'POST',
  'path': '/api/v1/auth/register',
  'path_params': {},
  'query_string': b'',
  'raw_path': b'/api/v1/auth/register',
  'root_path': '',
  'route': APIRoute(path='/api/v1/auth/register', name='register', methods=['POST']),
  'router': &lt;fastapi.routing.APIRouter object at 0x000001F342238D50&gt;,
  'scheme': 'http',
  'server': ['testserver', 80],
  'starlette.exception_handlers': ({&lt;class 'starlette.exceptions.HTTPException'&gt;: &lt;function http_exception_handler at 0x000001F3409242C0&gt;,
                                    &lt;class 'fastapi.exceptions.WebSocketRequestValidationError'&gt;: &lt;function websocket_request_validation_exception_handler at 0x000001F340924360&gt;,
                                    &lt;class 'fastapi.exceptions.RequestValidationError'&gt;: &lt;function request_validation_exception_handler at 0x000001F340924540&gt;,
                                    &lt;class 'starlette.exceptions.WebSocketException'&gt;: &lt;bound method ExceptionMiddleware.websocket_exception of &lt;starlette.middleware.exceptions.ExceptionMiddleware object at 0x000001F3424DA900&gt;&gt;},
                                   {}),
  'state': {},
  'type': 'http'},
 &lt;function _TestClientTransport.handle_request.&lt;locals&gt;.receive at 0x000001F34265A520&gt;,
 &lt;function _TestClientTransport.handle_request.&lt;locals&gt;.send at 0x000001F342659F80&gt;)
        func       = &lt;fastapi.applications.FastAPI object at 0x000001F34211A3C0&gt;
        self       = &lt;anyio._backends._asyncio.BlockingPortal object at 0x000001F34264E8B0&gt;
C:\Program Files\WindowsApps\PythonSoftwareFoundation.Python.3.13_3.13.2544.0_x64__qbz5n2kfra8p0\Lib\concurrent\futures\_base.py:456: in result
    return self.__get_result()
           ^^^^^^^^^^^^^^^^^^^
        self       = None
        timeout    = None
C:\Program Files\WindowsApps\PythonSoftwareFoundation.Python.3.13_3.13.2544.0_x64__qbz5n2kfra8p0\Lib\concurrent\futures\_base.py:401: in __get_result
    raise self._exception
        self       = None
venv\Lib\site-packages\anyio\from_thread.py:252: in _call_func
    retval = await retval_or_awaitable
             ^^^^^^^^^^^^^^^^^^^^^^^^^
        args       = ({'app': &lt;fastapi.applications.FastAPI object at 0x000001F34211A3C0&gt;,
  'client': ('testclient', 50000),
  'endpoint': &lt;function register at 0x000001F342146FC0&gt;,
  'extensions': {'http.response.debug': {}},
  'headers': [(b'host', b'testserver'),
              (b'accept', b'*/*'),
              (b'accept-encoding', b'gzip, deflate'),
              (b'connection', b'keep-alive'),
              (b'user-agent', b'testclient'),
              (b'content-length', b'80'),
              (b'content-type', b'application/json')],
  'http_version': '1.1',
  'method': 'POST',
  'path': '/api/v1/auth/register',
  'path_params': {},
  'query_string': b'',
  'raw_path': b'/api/v1/auth/register',
  'root_path': '',
  'route': APIRoute(path='/api/v1/auth/register', name='register', methods=['POST']),
  'router': &lt;fastapi.routing.APIRouter object at 0x000001F342238D50&gt;,
  'scheme': 'http',
  'server': ['testserver', 80],
  'starlette.exception_handlers': ({&lt;class 'starlette.exceptions.HTTPException'&gt;: &lt;function http_exception_handler at 0x000001F3409242C0&gt;,
                                    &lt;class 'fastapi.exceptions.WebSocketRequestValidationError'&gt;: &lt;function websocket_request_validation_exception_handler at 0x000001F340924360&gt;,
                                    &lt;class 'fastapi.exceptions.RequestValidationError'&gt;: &lt;function request_validation_exception_handler at 0x000001F340924540&gt;,
                                    &lt;class 'starlette.exceptions.WebSocketException'&gt;: &lt;bound method ExceptionMiddleware.websocket_exception of &lt;starlette.middleware.exceptions.ExceptionMiddleware object at 0x000001F3424DA900&gt;&gt;},
                                   {}),
  'state': {},
  'type': 'http'},
 &lt;function _TestClientTransport.handle_request.&lt;locals&gt;.receive at 0x000001F34265A520&gt;,
 &lt;function _TestClientTransport.handle_request.&lt;locals&gt;.send at 0x000001F342659F80&gt;)
        callback   = &lt;function BlockingPortal._call_func.&lt;locals&gt;.callback at 0x000001F34265A200&gt;
        func       = &lt;fastapi.applications.FastAPI object at 0x000001F34211A3C0&gt;
        future     = &lt;Future at 0x1f3426522d0 state=finished raised ResponseValidationError&gt;
        kwargs     = {}
        retval_or_awaitable = &lt;coroutine object FastAPI.__call__ at 0x000001F34265D6C0&gt;
        scope      = None
        self       = &lt;anyio._backends._asyncio.BlockingPortal object at 0x000001F34264E8B0&gt;
venv\Lib\site-packages\fastapi\applications.py:1082: in __call__
    await super().__call__(scope, receive, send)
        __class__  = &lt;class 'fastapi.applications.FastAPI'&gt;
        receive    = &lt;function _TestClientTransport.handle_request.&lt;locals&gt;.receive at 0x000001F34265A520&gt;
        scope      = {'app': &lt;fastapi.applications.FastAPI object at 0x000001F34211A3C0&gt;,
 'client': ('testclient', 50000),
 'endpoint': &lt;function register at 0x000001F342146FC0&gt;,
 'extensions': {'http.response.debug': {}},
 'headers': [(b'host', b'testserver'),
             (b'accept', b'*/*'),
             (b'accept-encoding', b'gzip, deflate'),
             (b'connection', b'keep-alive'),
             (b'user-agent', b'testclient'),
             (b'content-length', b'80'),
             (b'content-type', b'application/json')],
 'http_version': '1.1',
 'method': 'POST',
 'path': '/api/v1/auth/register',
 'path_params': {},
 'query_string': b'',
 'raw_path': b'/api/v1/auth/register',
 'root_path': '',
 'route': APIRoute(path='/api/v1/auth/register', name='register', methods=['POST']),
 'router': &lt;fastapi.routing.APIRouter object at 0x000001F342238D50&gt;,
 'scheme': 'http',
 'server': ['testserver', 80],
 'starlette.exception_handlers': ({&lt;class 'starlette.exceptions.HTTPException'&gt;: &lt;function http_exception_handler at 0x000001F3409242C0&gt;,
                                   &lt;class 'fastapi.exceptions.WebSocketRequestValidationError'&gt;: &lt;function websocket_request_validation_exception_handler at 0x000001F340924360&gt;,
                                   &lt;class 'fastapi.exceptions.RequestValidationError'&gt;: &lt;function request_validation_exception_handler at 0x000001F340924540&gt;,
                                   &lt;class 'starlette.exceptions.WebSocketException'&gt;: &lt;bound method ExceptionMiddleware.websocket_exception of &lt;starlette.middleware.exceptions.ExceptionMiddleware object at 0x000001F3424DA900&gt;&gt;},
                                  {}),
 'state': {},
 'type': 'http'}
        self       = &lt;fastapi.applications.FastAPI object at 0x000001F34211A3C0&gt;
        send       = &lt;function _TestClientTransport.handle_request.&lt;locals&gt;.send at 0x000001F342659F80&gt;
venv\Lib\site-packages\starlette\applications.py:113: in __call__
    await self.middleware_stack(scope, receive, send)
        receive    = &lt;function _TestClientTransport.handle_request.&lt;locals&gt;.receive at 0x000001F34265A520&gt;
        scope      = {'app': &lt;fastapi.applications.FastAPI object at 0x000001F34211A3C0&gt;,
 'client': ('testclient', 50000),
 'endpoint': &lt;function register at 0x000001F342146FC0&gt;,
 'extensions': {'http.response.debug': {}},
 'headers': [(b'host', b'testserver'),
             (b'accept', b'*/*'),
             (b'accept-encoding', b'gzip, deflate'),
             (b'connection', b'keep-alive'),
             (b'user-agent', b'testclient'),
             (b'content-length', b'80'),
             (b'content-type', b'application/json')],
 'http_version': '1.1',
 'method': 'POST',
 'path': '/api/v1/auth/register',
 'path_params': {},
 'query_string': b'',
 'raw_path': b'/api/v1/auth/register',
 'root_path': '',
 'route': APIRoute(path='/api/v1/auth/register', name='register', methods=['POST']),
 'router': &lt;fastapi.routing.APIRouter object at 0x000001F342238D50&gt;,
 'scheme': 'http',
 'server': ['testserver', 80],
 'starlette.exception_handlers': ({&lt;class 'starlette.exceptions.HTTPException'&gt;: &lt;function http_exception_handler at 0x000001F3409242C0&gt;,
                                   &lt;class 'fastapi.exceptions.WebSocketRequestValidationError'&gt;: &lt;function websocket_request_validation_exception_handler at 0x000001F340924360&gt;,
                                   &lt;class 'fastapi.exceptions.RequestValidationError'&gt;: &lt;function request_validation_exception_handler at 0x000001F340924540&gt;,
                                   &lt;class 'starlette.exceptions.WebSocketException'&gt;: &lt;bound method ExceptionMiddleware.websocket_exception of &lt;starlette.middleware.exceptions.ExceptionMiddleware object at 0x000001F3424DA900&gt;&gt;},
                                  {}),
 'state': {},
 'type': 'http'}
        self       = &lt;fastapi.applications.FastAPI object at 0x000001F34211A3C0&gt;
        send       = &lt;function _TestClientTransport.handle_request.&lt;locals&gt;.send at 0x000001F342659F80&gt;
venv\Lib\site-packages\starlette\middleware\errors.py:186: in __call__
    raise exc
        _send      = &lt;function ServerErrorMiddleware.__call__.&lt;locals&gt;._send at 0x000001F34265A2A0&gt;
        receive    = &lt;function _TestClientTransport.handle_request.&lt;locals&gt;.receive at 0x000001F34265A520&gt;
        request    = &lt;starlette.requests.Request object at 0x000001F342617350&gt;
        response   = &lt;starlette.responses.PlainTextResponse object at 0x000001F34255EF90&gt;
        response_started = False
        scope      = {'app': &lt;fastapi.applications.FastAPI object at 0x000001F34211A3C0&gt;,
 'client': ('testclient', 50000),
 'endpoint': &lt;function register at 0x000001F342146FC0&gt;,
 'extensions': {'http.response.debug': {}},
 'headers': [(b'host', b'testserver'),
             (b'accept', b'*/*'),
             (b'accept-encoding', b'gzip, deflate'),
             (b'connection', b'keep-alive'),
             (b'user-agent', b'testclient'),
             (b'content-length', b'80'),
             (b'content-type', b'application/json')],
 'http_version': '1.1',
 'method': 'POST',
 'path': '/api/v1/auth/register',
 'path_params': {},
 'query_string': b'',
 'raw_path': b'/api/v1/auth/register',
 'root_path': '',
 'route': APIRoute(path='/api/v1/auth/register', name='register', methods=['POST']),
 'router': &lt;fastapi.routing.APIRouter object at 0x000001F342238D50&gt;,
 'scheme': 'http',
 'server': ['testserver', 80],
 'starlette.exception_handlers': ({&lt;class 'starlette.exceptions.HTTPException'&gt;: &lt;function http_exception_handler at 0x000001F3409242C0&gt;,
                                   &lt;class 'fastapi.exceptions.WebSocketRequestValidationError'&gt;: &lt;function websocket_request_validation_exception_handler at 0x000001F340924360&gt;,
                                   &lt;class 'fastapi.exceptions.RequestValidationError'&gt;: &lt;function request_validation_exception_handler at 0x000001F340924540&gt;,
                                   &lt;class 'starlette.exceptions.WebSocketException'&gt;: &lt;bound method ExceptionMiddleware.websocket_exception of &lt;starlette.middleware.exceptions.ExceptionMiddleware object at 0x000001F3424DA900&gt;&gt;},
                                  {}),
 'state': {},
 'type': 'http'}
        self       = &lt;starlette.middleware.errors.ServerErrorMiddleware object at 0x000001F3424DACF0&gt;
        send       = &lt;function _TestClientTransport.handle_request.&lt;locals&gt;.send at 0x000001F342659F80&gt;
venv\Lib\site-packages\starlette\middleware\errors.py:164: in __call__
    await self.app(scope, receive, _send)
        _send      = &lt;function ServerErrorMiddleware.__call__.&lt;locals&gt;._send at 0x000001F34265A2A0&gt;
        receive    = &lt;function _TestClientTransport.handle_request.&lt;locals&gt;.receive at 0x000001F34265A520&gt;
        request    = &lt;starlette.requests.Request object at 0x000001F342617350&gt;
        response   = &lt;starlette.responses.PlainTextResponse object at 0x000001F34255EF90&gt;
        response_started = False
        scope      = {'app': &lt;fastapi.applications.FastAPI object at 0x000001F34211A3C0&gt;,
 'client': ('testclient', 50000),
 'endpoint': &lt;function register at 0x000001F342146FC0&gt;,
 'extensions': {'http.response.debug': {}},
 'headers': [(b'host', b'testserver'),
             (b'accept', b'*/*'),
             (b'accept-encoding', b'gzip, deflate'),
             (b'connection', b'keep-alive'),
             (b'user-agent', b'testclient'),
             (b'content-length', b'80'),
             (b'content-type', b'application/json')],
 'http_version': '1.1',
 'method': 'POST',
 'path': '/api/v1/auth/register',
 'path_params': {},
 'query_string': b'',
 'raw_path': b'/api/v1/auth/register',
 'root_path': '',
 'route': APIRoute(path='/api/v1/auth/register', name='register', methods=['POST']),
 'router': &lt;fastapi.routing.APIRouter object at 0x000001F342238D50&gt;,
 'scheme': 'http',
 'server': ['testserver', 80],
 'starlette.exception_handlers': ({&lt;class 'starlette.exceptions.HTTPException'&gt;: &lt;function http_exception_handler at 0x000001F3409242C0&gt;,
                                   &lt;class 'fastapi.exceptions.WebSocketRequestValidationError'&gt;: &lt;function websocket_request_validation_exception_handler at 0x000001F340924360&gt;,
                                   &lt;class 'fastapi.exceptions.RequestValidationError'&gt;: &lt;function request_validation_exception_handler at 0x000001F340924540&gt;,
                                   &lt;class 'starlette.exceptions.WebSocketException'&gt;: &lt;bound method ExceptionMiddleware.websocket_exception of &lt;starlette.middleware.exceptions.ExceptionMiddleware object at 0x000001F3424DA900&gt;&gt;},
                                  {}),
 'state': {},
 'type': 'http'}
        self       = &lt;starlette.middleware.errors.ServerErrorMiddleware object at 0x000001F3424DACF0&gt;
        send       = &lt;function _TestClientTransport.handle_request.&lt;locals&gt;.send at 0x000001F342659F80&gt;
venv\Lib\site-packages\starlette\middleware\base.py:182: in __call__
    with recv_stream, send_stream, collapse_excgroups():
                                   ^^^^^^^^^^^^^^^^^^^^
        app_exc    = ResponseValidationError()
        call_next  = &lt;function BaseHTTPMiddleware.__call__.&lt;locals&gt;.call_next at 0x000001F342659EE0&gt;
        exception_already_raised = True
        receive    = &lt;function _TestClientTransport.handle_request.&lt;locals&gt;.receive at 0x000001F34265A520&gt;
        recv_stream = MemoryObjectReceiveStream(_state=MemoryObjectStreamState(max_buffer_size=0,
                                                         buffer=deque([]),
                                                         open_send_channels=0,
                                                         open_receive_channels=0,
                                                         waiting_receivers=OrderedDict(),
                                                         waiting_senders=OrderedDict()),
                          _closed=True)
        request    = &lt;starlette.middleware.base._CachedRequest object at 0x000001F34264F100&gt;
        response_sent = &lt;anyio._backends._asyncio.Event object at 0x000001F34262B200&gt;
        scope      = {'app': &lt;fastapi.applications.FastAPI object at 0x000001F34211A3C0&gt;,
 'client': ('testclient', 50000),
 'endpoint': &lt;function register at 0x000001F342146FC0&gt;,
 'extensions': {'http.response.debug': {}},
 'headers': [(b'host', b'testserver'),
             (b'accept', b'*/*'),
             (b'accept-encoding', b'gzip, deflate'),
             (b'connection', b'keep-alive'),
             (b'user-agent', b'testclient'),
             (b'content-length', b'80'),
             (b'content-type', b'application/json')],
 'http_version': '1.1',
 'method': 'POST',
 'path': '/api/v1/auth/register',
 'path_params': {},
 'query_string': b'',
 'raw_path': b'/api/v1/auth/register',
 'root_path': '',
 'route': APIRoute(path='/api/v1/auth/register', name='register', methods=['POST']),
 'router': &lt;fastapi.routing.APIRouter object at 0x000001F342238D50&gt;,
 'scheme': 'http',
 'server': ['testserver', 80],
 'starlette.exception_handlers': ({&lt;class 'starlette.exceptions.HTTPException'&gt;: &lt;function http_exception_handler at 0x000001F3409242C0&gt;,
                                   &lt;class 'fastapi.exceptions.WebSocketRequestValidationError'&gt;: &lt;function websocket_request_validation_exception_handler at 0x000001F340924360&gt;,
                                   &lt;class 'fastapi.exceptions.RequestValidationError'&gt;: &lt;function request_validation_exception_handler at 0x000001F340924540&gt;,
                                   &lt;class 'starlette.exceptions.WebSocketException'&gt;: &lt;bound method ExceptionMiddleware.websocket_exception of &lt;starlette.middleware.exceptions.ExceptionMiddleware object at 0x000001F3424DA900&gt;&gt;},
                                  {}),
 'state': {},
 'type': 'http'}
        self       = &lt;starlette.middleware.base.BaseHTTPMiddleware object at 0x000001F3424DABA0&gt;
        send       = &lt;function ServerErrorMiddleware.__call__.&lt;locals&gt;._send at 0x000001F34265A2A0&gt;
        send_stream = MemoryObjectSendStream(_state=MemoryObjectStreamState(max_buffer_size=0,
                                                      buffer=deque([]),
                                                      open_send_channels=0,
                                                      open_receive_channels=0,
                                                      waiting_receivers=OrderedDict(),
                                                      waiting_senders=OrderedDict()),
                       _closed=True)
        streams    = (MemoryObjectSendStream(_state=MemoryObjectStreamState(max_buffer_size=0,
                                                       buffer=deque([]),
                                                       open_send_channels=0,
                                                       open_receive_channels=0,
                                                       waiting_receivers=OrderedDict(),
                                                       waiting_senders=OrderedDict()),
                        _closed=True),
 MemoryObjectReceiveStream(_state=MemoryObjectStreamState(max_buffer_size=0,
                                                          buffer=deque([]),
                                                          open_send_channels=0,
                                                          open_receive_channels=0,
                                                          waiting_receivers=OrderedDict(),
                                                          waiting_senders=OrderedDict()),
                           _closed=True))
        task_group = &lt;anyio._backends._asyncio.TaskGroup object at 0x000001F34265E210&gt;
        wrapped_receive = &lt;bound method _CachedRequest.wrapped_receive of &lt;starlette.middleware.base._CachedRequest object at 0x000001F34264F100&gt;&gt;
C:\Program Files\WindowsApps\PythonSoftwareFoundation.Python.3.13_3.13.2544.0_x64__qbz5n2kfra8p0\Lib\contextlib.py:162: in __exit__
    self.gen.throw(value)
        self       = &lt;contextlib._GeneratorContextManager object at 0x000001F3425F3EE0&gt;
        traceback  = &lt;traceback object at 0x000001F3426B1440&gt;
        typ        = &lt;class 'ExceptionGroup'&gt;
        value      = ExceptionGroup('unhandled errors in a TaskGroup', [ResponseValidationError()])
venv\Lib\site-packages\starlette\_utils.py:85: in collapse_excgroups
    raise exc
venv\Lib\site-packages\starlette\middleware\base.py:184: in __call__
    response = await self.dispatch_func(request, call_next)
               ^^^^^^^^^^^^^^^^^^^^^^^^^^^^^^^^^^^^^^^^^^^^
        app_exc    = ResponseValidationError()
        call_next  = &lt;function BaseHTTPMiddleware.__call__.&lt;locals&gt;.call_next at 0x000001F342659EE0&gt;
        exception_already_raised = True
        receive    = &lt;function _TestClientTransport.handle_request.&lt;locals&gt;.receive at 0x000001F34265A520&gt;
        recv_stream = MemoryObjectReceiveStream(_state=MemoryObjectStreamState(max_buffer_size=0,
                                                         buffer=deque([]),
                                                         open_send_channels=0,
                                                         open_receive_channels=0,
                                                         waiting_receivers=OrderedDict(),
                                                         waiting_senders=OrderedDict()),
                          _closed=True)
        request    = &lt;starlette.middleware.base._CachedRequest object at 0x000001F34264F100&gt;
        response_sent = &lt;anyio._backends._asyncio.Event object at 0x000001F34262B200&gt;
        scope      = {'app': &lt;fastapi.applications.FastAPI object at 0x000001F34211A3C0&gt;,
 'client': ('testclient', 50000),
 'endpoint': &lt;function register at 0x000001F342146FC0&gt;,
 'extensions': {'http.response.debug': {}},
 'headers': [(b'host', b'testserver'),
             (b'accept', b'*/*'),
             (b'accept-encoding', b'gzip, deflate'),
             (b'connection', b'keep-alive'),
             (b'user-agent', b'testclient'),
             (b'content-length', b'80'),
             (b'content-type', b'application/json')],
 'http_version': '1.1',
 'method': 'POST',
 'path': '/api/v1/auth/register',
 'path_params': {},
 'query_string': b'',
 'raw_path': b'/api/v1/auth/register',
 'root_path': '',
 'route': APIRoute(path='/api/v1/auth/register', name='register', methods=['POST']),
 'router': &lt;fastapi.routing.APIRouter object at 0x000001F342238D50&gt;,
 'scheme': 'http',
 'server': ['testserver', 80],
 'starlette.exception_handlers': ({&lt;class 'starlette.exceptions.HTTPException'&gt;: &lt;function http_exception_handler at 0x000001F3409242C0&gt;,
                                   &lt;class 'fastapi.exceptions.WebSocketRequestValidationError'&gt;: &lt;function websocket_request_validation_exception_handler at 0x000001F340924360&gt;,
                                   &lt;class 'fastapi.exceptions.RequestValidationError'&gt;: &lt;function request_validation_exception_handler at 0x000001F340924540&gt;,
                                   &lt;class 'starlette.exceptions.WebSocketException'&gt;: &lt;bound method ExceptionMiddleware.websocket_exception of &lt;starlette.middleware.exceptions.ExceptionMiddleware object at 0x000001F3424DA900&gt;&gt;},
                                  {}),
 'state': {},
 'type': 'http'}
        self       = &lt;starlette.middleware.base.BaseHTTPMiddleware object at 0x000001F3424DABA0&gt;
        send       = &lt;function ServerErrorMiddleware.__call__.&lt;locals&gt;._send at 0x000001F34265A2A0&gt;
        send_stream = MemoryObjectSendStream(_state=MemoryObjectStreamState(max_buffer_size=0,
                                                      buffer=deque([]),
                                                      open_send_channels=0,
                                                      open_receive_channels=0,
                                                      waiting_receivers=OrderedDict(),
                                                      waiting_senders=OrderedDict()),
                       _closed=True)
        streams    = (MemoryObjectSendStream(_state=MemoryObjectStreamState(max_buffer_size=0,
                                                       buffer=deque([]),
                                                       open_send_channels=0,
                                                       open_receive_channels=0,
                                                       waiting_receivers=OrderedDict(),
                                                       waiting_senders=OrderedDict()),
                        _closed=True),
 MemoryObjectReceiveStream(_state=MemoryObjectStreamState(max_buffer_size=0,
                                                          buffer=deque([]),
                                                          open_send_channels=0,
                                                          open_receive_channels=0,
                                                          waiting_receivers=OrderedDict(),
                                                          waiting_senders=OrderedDict()),
                           _closed=True))
        task_group = &lt;anyio._backends._asyncio.TaskGroup object at 0x000001F34265E210&gt;
        wrapped_receive = &lt;bound method _CachedRequest.wrapped_receive of &lt;starlette.middleware.base._CachedRequest object at 0x000001F34264F100&gt;&gt;
app\middleware\rate_limit.py:178: in rate_limit_middleware
    response = await call_next(request)
               ^^^^^^^^^^^^^^^^^^^^^^^^
        call_next  = &lt;function BaseHTTPMiddleware.__call__.&lt;locals&gt;.call_next at 0x000001F342659EE0&gt;
        client_id  = 'testclient'
        request    = &lt;starlette.middleware.base._CachedRequest object at 0x000001F34264F100&gt;
        skip_paths = ['/docs', '/redoc', '/openapi.json', '/health']
venv\Lib\site-packages\starlette\middleware\base.py:159: in call_next
    raise app_exc
        app_exc    = ResponseValidationError()
        coro       = &lt;function BaseHTTPMiddleware.__call__.&lt;locals&gt;.call_next.&lt;locals&gt;.coro at 0x000001F34265A340&gt;
        exception_already_raised = True
        receive_or_disconnect = &lt;function BaseHTTPMiddleware.__call__.&lt;locals&gt;.call_next.&lt;locals&gt;.receive_or_disconnect at 0x000001F34265A3E0&gt;
        recv_stream = MemoryObjectReceiveStream(_state=MemoryObjectStreamState(max_buffer_size=0,
                                                         buffer=deque([]),
                                                         open_send_channels=0,
                                                         open_receive_channels=0,
                                                         waiting_receivers=OrderedDict(),
                                                         waiting_senders=OrderedDict()),
                          _closed=True)
        request    = &lt;starlette.middleware.base._CachedRequest object at 0x000001F34264F100&gt;
        response_sent = &lt;anyio._backends._asyncio.Event object at 0x000001F34262B200&gt;
        scope      = {'app': &lt;fastapi.applications.FastAPI object at 0x000001F34211A3C0&gt;,
 'client': ('testclient', 50000),
 'endpoint': &lt;function register at 0x000001F342146FC0&gt;,
 'extensions': {'http.response.debug': {}},
 'headers': [(b'host', b'testserver'),
             (b'accept', b'*/*'),
             (b'accept-encoding', b'gzip, deflate'),
             (b'connection', b'keep-alive'),
             (b'user-agent', b'testclient'),
             (b'content-length', b'80'),
             (b'content-type', b'application/json')],
 'http_version': '1.1',
 'method': 'POST',
 'path': '/api/v1/auth/register',
 'path_params': {},
 'query_string': b'',
 'raw_path': b'/api/v1/auth/register',
 'root_path': '',
 'route': APIRoute(path='/api/v1/auth/register', name='register', methods=['POST']),
 'router': &lt;fastapi.routing.APIRouter object at 0x000001F342238D50&gt;,
 'scheme': 'http',
 'server': ['testserver', 80],
 'starlette.exception_handlers': ({&lt;class 'starlette.exceptions.HTTPException'&gt;: &lt;function http_exception_handler at 0x000001F3409242C0&gt;,
                                   &lt;class 'fastapi.exceptions.WebSocketRequestValidationError'&gt;: &lt;function websocket_request_validation_exception_handler at 0x000001F340924360&gt;,
                                   &lt;class 'fastapi.exceptions.RequestValidationError'&gt;: &lt;function request_validation_exception_handler at 0x000001F340924540&gt;,
                                   &lt;class 'starlette.exceptions.WebSocketException'&gt;: &lt;bound method ExceptionMiddleware.websocket_exception of &lt;starlette.middleware.exceptions.ExceptionMiddleware object at 0x000001F3424DA900&gt;&gt;},
                                  {}),
 'state': {},
 'type': 'http'}
        self       = &lt;starlette.middleware.base.BaseHTTPMiddleware object at 0x000001F3424DABA0&gt;
        send_no_error = &lt;function BaseHTTPMiddleware.__call__.&lt;locals&gt;.call_next.&lt;locals&gt;.send_no_error at 0x000001F34265A0C0&gt;
        send_stream = MemoryObjectSendStream(_state=MemoryObjectStreamState(max_buffer_size=0,
                                                      buffer=deque([]),
                                                      open_send_channels=0,
                                                      open_receive_channels=0,
                                                      waiting_receivers=OrderedDict(),
                                                      waiting_senders=OrderedDict()),
                       _closed=True)
        task_group = &lt;anyio._backends._asyncio.TaskGroup object at 0x000001F34265E210&gt;
        wrapped_receive = &lt;bound method _CachedRequest.wrapped_receive of &lt;starlette.middleware.base._CachedRequest object at 0x000001F34264F100&gt;&gt;
venv\Lib\site-packages\starlette\middleware\base.py:144: in coro
    await self.app(scope, receive_or_disconnect, send_no_error)
        app_exc    = ResponseValidationError()
        receive_or_disconnect = &lt;function BaseHTTPMiddleware.__call__.&lt;locals&gt;.call_next.&lt;locals&gt;.receive_or_disconnect at 0x000001F34265A3E0&gt;
        scope      = {'app': &lt;fastapi.applications.FastAPI object at 0x000001F34211A3C0&gt;,
 'client': ('testclient', 50000),
 'endpoint': &lt;function register at 0x000001F342146FC0&gt;,
 'extensions': {'http.response.debug': {}},
 'headers': [(b'host', b'testserver'),
             (b'accept', b'*/*'),
             (b'accept-encoding', b'gzip, deflate'),
             (b'connection', b'keep-alive'),
             (b'user-agent', b'testclient'),
             (b'content-length', b'80'),
             (b'content-type', b'application/json')],
 'http_version': '1.1',
 'method': 'POST',
 'path': '/api/v1/auth/register',
 'path_params': {},
 'query_string': b'',
 'raw_path': b'/api/v1/auth/register',
 'root_path': '',
 'route': APIRoute(path='/api/v1/auth/register', name='register', methods=['POST']),
 'router': &lt;fastapi.routing.APIRouter object at 0x000001F342238D50&gt;,
 'scheme': 'http',
 'server': ['testserver', 80],
 'starlette.exception_handlers': ({&lt;class 'starlette.exceptions.HTTPException'&gt;: &lt;function http_exception_handler at 0x000001F3409242C0&gt;,
                                   &lt;class 'fastapi.exceptions.WebSocketRequestValidationError'&gt;: &lt;function websocket_request_validation_exception_handler at 0x000001F340924360&gt;,
                                   &lt;class 'fastapi.exceptions.RequestValidationError'&gt;: &lt;function request_validation_exception_handler at 0x000001F340924540&gt;,
                                   &lt;class 'starlette.exceptions.WebSocketException'&gt;: &lt;bound method ExceptionMiddleware.websocket_exception of &lt;starlette.middleware.exceptions.ExceptionMiddleware object at 0x000001F3424DA900&gt;&gt;},
                                  {}),
 'state': {},
 'type': 'http'}
        self       = &lt;starlette.middleware.base.BaseHTTPMiddleware object at 0x000001F3424DABA0&gt;
        send_no_error = &lt;function BaseHTTPMiddleware.__call__.&lt;locals&gt;.call_next.&lt;locals&gt;.send_no_error at 0x000001F34265A0C0&gt;
        send_stream = MemoryObjectSendStream(_state=MemoryObjectStreamState(max_buffer_size=0,
                                                      buffer=deque([]),
                                                      open_send_channels=0,
                                                      open_receive_channels=0,
                                                      waiting_receivers=OrderedDict(),
                                                      waiting_senders=OrderedDict()),
                       _closed=True)
venv\Lib\site-packages\starlette\middleware\cors.py:85: in __call__
    await self.app(scope, receive, send)
        headers    = Headers({'host': 'testserver', 'accept': '*/*', 'accept-encoding': 'gzip, deflate', 'connection': 'keep-alive', 'user-agent': 'testclient', 'content-length': '80', 'content-type': 'application/json'})
        method     = 'POST'
        origin     = None
        receive    = &lt;function BaseHTTPMiddleware.__call__.&lt;locals&gt;.call_next.&lt;locals&gt;.receive_or_disconnect at 0x000001F34265A3E0&gt;
        scope      = {'app': &lt;fastapi.applications.FastAPI object at 0x000001F34211A3C0&gt;,
 'client': ('testclient', 50000),
 'endpoint': &lt;function register at 0x000001F342146FC0&gt;,
 'extensions': {'http.response.debug': {}},
 'headers': [(b'host', b'testserver'),
             (b'accept', b'*/*'),
             (b'accept-encoding', b'gzip, deflate'),
             (b'connection', b'keep-alive'),
             (b'user-agent', b'testclient'),
             (b'content-length', b'80'),
             (b'content-type', b'application/json')],
 'http_version': '1.1',
 'method': 'POST',
 'path': '/api/v1/auth/register',
 'path_params': {},
 'query_string': b'',
 'raw_path': b'/api/v1/auth/register',
 'root_path': '',
 'route': APIRoute(path='/api/v1/auth/register', name='register', methods=['POST']),
 'router': &lt;fastapi.routing.APIRouter object at 0x000001F342238D50&gt;,
 'scheme': 'http',
 'server': ['testserver', 80],
 'starlette.exception_handlers': ({&lt;class 'starlette.exceptions.HTTPException'&gt;: &lt;function http_exception_handler at 0x000001F3409242C0&gt;,
                                   &lt;class 'fastapi.exceptions.WebSocketRequestValidationError'&gt;: &lt;function websocket_request_validation_exception_handler at 0x000001F340924360&gt;,
                                   &lt;class 'fastapi.exceptions.RequestValidationError'&gt;: &lt;function request_validation_exception_handler at 0x000001F340924540&gt;,
                                   &lt;class 'starlette.exceptions.WebSocketException'&gt;: &lt;bound method ExceptionMiddleware.websocket_exception of &lt;starlette.middleware.exceptions.ExceptionMiddleware object at 0x000001F3424DA900&gt;&gt;},
                                  {}),
 'state': {},
 'type': 'http'}
        self       = &lt;starlette.middleware.cors.CORSMiddleware object at 0x000001F3424DAA50&gt;
        send       = &lt;function BaseHTTPMiddleware.__call__.&lt;locals&gt;.call_next.&lt;locals&gt;.send_no_error at 0x000001F34265A0C0&gt;
venv\Lib\site-packages\starlette\middleware\exceptions.py:63: in __call__
    await wrap_app_handling_exceptions(self.app, conn)(scope, receive, send)
        conn       = &lt;starlette.requests.Request object at 0x000001F3426238A0&gt;
        receive    = &lt;function BaseHTTPMiddleware.__call__.&lt;locals&gt;.call_next.&lt;locals&gt;.receive_or_disconnect at 0x000001F34265A3E0&gt;
        scope      = {'app': &lt;fastapi.applications.FastAPI object at 0x000001F34211A3C0&gt;,
 'client': ('testclient', 50000),
 'endpoint': &lt;function register at 0x000001F342146FC0&gt;,
 'extensions': {'http.response.debug': {}},
 'headers': [(b'host', b'testserver'),
             (b'accept', b'*/*'),
             (b'accept-encoding', b'gzip, deflate'),
             (b'connection', b'keep-alive'),
             (b'user-agent', b'testclient'),
             (b'content-length', b'80'),
             (b'content-type', b'application/json')],
 'http_version': '1.1',
 'method': 'POST',
 'path': '/api/v1/auth/register',
 'path_params': {},
 'query_string': b'',
 'raw_path': b'/api/v1/auth/register',
 'root_path': '',
 'route': APIRoute(path='/api/v1/auth/register', name='register', methods=['POST']),
 'router': &lt;fastapi.routing.APIRouter object at 0x000001F342238D50&gt;,
 'scheme': 'http',
 'server': ['testserver', 80],
 'starlette.exception_handlers': ({&lt;class 'starlette.exceptions.HTTPException'&gt;: &lt;function http_exception_handler at 0x000001F3409242C0&gt;,
                                   &lt;class 'fastapi.exceptions.WebSocketRequestValidationError'&gt;: &lt;function websocket_request_validation_exception_handler at 0x000001F340924360&gt;,
                                   &lt;class 'fastapi.exceptions.RequestValidationError'&gt;: &lt;function request_validation_exception_handler at 0x000001F340924540&gt;,
                                   &lt;class 'starlette.exceptions.WebSocketException'&gt;: &lt;bound method ExceptionMiddleware.websocket_exception of &lt;starlette.middleware.exceptions.ExceptionMiddleware object at 0x000001F3424DA900&gt;&gt;},
                                  {}),
 'state': {},
 'type': 'http'}
        self       = &lt;starlette.middleware.exceptions.ExceptionMiddleware object at 0x000001F3424DA900&gt;
        send       = &lt;function BaseHTTPMiddleware.__call__.&lt;locals&gt;.call_next.&lt;locals&gt;.send_no_error at 0x000001F34265A0C0&gt;
venv\Lib\site-packages\starlette\_exception_handler.py:53: in wrapped_app
    raise exc
        app        = &lt;fastapi.routing.APIRouter object at 0x000001F342238D50&gt;
        conn       = &lt;starlette.requests.Request object at 0x000001F3426238A0&gt;
        exception_handlers = {&lt;class 'starlette.exceptions.HTTPException'&gt;: &lt;function http_exception_handler at 0x000001F3409242C0&gt;,
 &lt;class 'fastapi.exceptions.WebSocketRequestValidationError'&gt;: &lt;function websocket_request_validation_exception_handler at 0x000001F340924360&gt;,
 &lt;class 'fastapi.exceptions.RequestValidationError'&gt;: &lt;function request_validation_exception_handler at 0x000001F340924540&gt;,
 &lt;class 'starlette.exceptions.WebSocketException'&gt;: &lt;bound method ExceptionMiddleware.websocket_exception of &lt;starlette.middleware.exceptions.ExceptionMiddleware object at 0x000001F3424DA900&gt;&gt;}
        handler    = None
        receive    = &lt;function BaseHTTPMiddleware.__call__.&lt;locals&gt;.call_next.&lt;locals&gt;.receive_or_disconnect at 0x000001F34265A3E0&gt;
        response_started = False
        scope      = {'app': &lt;fastapi.applications.FastAPI object at 0x000001F34211A3C0&gt;,
 'client': ('testclient', 50000),
 'endpoint': &lt;function register at 0x000001F342146FC0&gt;,
 'extensions': {'http.response.debug': {}},
 'headers': [(b'host', b'testserver'),
             (b'accept', b'*/*'),
             (b'accept-encoding', b'gzip, deflate'),
             (b'connection', b'keep-alive'),
             (b'user-agent', b'testclient'),
             (b'content-length', b'80'),
             (b'content-type', b'application/json')],
 'http_version': '1.1',
 'method': 'POST',
 'path': '/api/v1/auth/register',
 'path_params': {},
 'query_string': b'',
 'raw_path': b'/api/v1/auth/register',
 'root_path': '',
 'route': APIRoute(path='/api/v1/auth/register', name='register', methods=['POST']),
 'router': &lt;fastapi.routing.APIRouter object at 0x000001F342238D50&gt;,
 'scheme': 'http',
 'server': ['testserver', 80],
 'starlette.exception_handlers': ({&lt;class 'starlette.exceptions.HTTPException'&gt;: &lt;function http_exception_handler at 0x000001F3409242C0&gt;,
                                   &lt;class 'fastapi.exceptions.WebSocketRequestValidationError'&gt;: &lt;function websocket_request_validation_exception_handler at 0x000001F340924360&gt;,
                                   &lt;class 'fastapi.exceptions.RequestValidationError'&gt;: &lt;function request_validation_exception_handler at 0x000001F340924540&gt;,
                                   &lt;class 'starlette.exceptions.WebSocketException'&gt;: &lt;bound method ExceptionMiddleware.websocket_exception of &lt;starlette.middleware.exceptions.ExceptionMiddleware object at 0x000001F3424DA900&gt;&gt;},
                                  {}),
 'state': {},
 'type': 'http'}
        send       = &lt;function BaseHTTPMiddleware.__call__.&lt;locals&gt;.call_next.&lt;locals&gt;.send_no_error at 0x000001F34265A0C0&gt;
        sender     = &lt;function wrap_app_handling_exceptions.&lt;locals&gt;.wrapped_app.&lt;locals&gt;.sender at 0x000001F34265A840&gt;
        status_handlers = {}
venv\Lib\site-packages\starlette\_exception_handler.py:42: in wrapped_app
    await app(scope, receive, sender)
        app        = &lt;fastapi.routing.APIRouter object at 0x000001F342238D50&gt;
        conn       = &lt;starlette.requests.Request object at 0x000001F3426238A0&gt;
        exception_handlers = {&lt;class 'starlette.exceptions.HTTPException'&gt;: &lt;function http_exception_handler at 0x000001F3409242C0&gt;,
 &lt;class 'fastapi.exceptions.WebSocketRequestValidationError'&gt;: &lt;function websocket_request_validation_exception_handler at 0x000001F340924360&gt;,
 &lt;class 'fastapi.exceptions.RequestValidationError'&gt;: &lt;function request_validation_exception_handler at 0x000001F340924540&gt;,
 &lt;class 'starlette.exceptions.WebSocketException'&gt;: &lt;bound method ExceptionMiddleware.websocket_exception of &lt;starlette.middleware.exceptions.ExceptionMiddleware object at 0x000001F3424DA900&gt;&gt;}
        handler    = None
        receive    = &lt;function BaseHTTPMiddleware.__call__.&lt;locals&gt;.call_next.&lt;locals&gt;.receive_or_disconnect at 0x000001F34265A3E0&gt;
        response_started = False
        scope      = {'app': &lt;fastapi.applications.FastAPI object at 0x000001F34211A3C0&gt;,
 'client': ('testclient', 50000),
 'endpoint': &lt;function register at 0x000001F342146FC0&gt;,
 'extensions': {'http.response.debug': {}},
 'headers': [(b'host', b'testserver'),
             (b'accept', b'*/*'),
             (b'accept-encoding', b'gzip, deflate'),
             (b'connection', b'keep-alive'),
             (b'user-agent', b'testclient'),
             (b'content-length', b'80'),
             (b'content-type', b'application/json')],
 'http_version': '1.1',
 'method': 'POST',
 'path': '/api/v1/auth/register',
 'path_params': {},
 'query_string': b'',
 'raw_path': b'/api/v1/auth/register',
 'root_path': '',
 'route': APIRoute(path='/api/v1/auth/register', name='register', methods=['POST']),
 'router': &lt;fastapi.routing.APIRouter object at 0x000001F342238D50&gt;,
 'scheme': 'http',
 'server': ['testserver', 80],
 'starlette.exception_handlers': ({&lt;class 'starlette.exceptions.HTTPException'&gt;: &lt;function http_exception_handler at 0x000001F3409242C0&gt;,
                                   &lt;class 'fastapi.exceptions.WebSocketRequestValidationError'&gt;: &lt;function websocket_request_validation_exception_handler at 0x000001F340924360&gt;,
                                   &lt;class 'fastapi.exceptions.RequestValidationError'&gt;: &lt;function request_validation_exception_handler at 0x000001F340924540&gt;,
                                   &lt;class 'starlette.exceptions.WebSocketException'&gt;: &lt;bound method ExceptionMiddleware.websocket_exception of &lt;starlette.middleware.exceptions.ExceptionMiddleware object at 0x000001F3424DA900&gt;&gt;},
                                  {}),
 'state': {},
 'type': 'http'}
        send       = &lt;function BaseHTTPMiddleware.__call__.&lt;locals&gt;.call_next.&lt;locals&gt;.send_no_error at 0x000001F34265A0C0&gt;
        sender     = &lt;function wrap_app_handling_exceptions.&lt;locals&gt;.wrapped_app.&lt;locals&gt;.sender at 0x000001F34265A840&gt;
        status_handlers = {}
venv\Lib\site-packages\starlette\routing.py:716: in __call__
    await self.middleware_stack(scope, receive, send)
        receive    = &lt;function BaseHTTPMiddleware.__call__.&lt;locals&gt;.call_next.&lt;locals&gt;.receive_or_disconnect at 0x000001F34265A3E0&gt;
        scope      = {'app': &lt;fastapi.applications.FastAPI object at 0x000001F34211A3C0&gt;,
 'client': ('testclient', 50000),
 'endpoint': &lt;function register at 0x000001F342146FC0&gt;,
 'extensions': {'http.response.debug': {}},
 'headers': [(b'host', b'testserver'),
             (b'accept', b'*/*'),
             (b'accept-encoding', b'gzip, deflate'),
             (b'connection', b'keep-alive'),
             (b'user-agent', b'testclient'),
             (b'content-length', b'80'),
             (b'content-type', b'application/json')],
 'http_version': '1.1',
 'method': 'POST',
 'path': '/api/v1/auth/register',
 'path_params': {},
 'query_string': b'',
 'raw_path': b'/api/v1/auth/register',
 'root_path': '',
 'route': APIRoute(path='/api/v1/auth/register', name='register', methods=['POST']),
 'router': &lt;fastapi.routing.APIRouter object at 0x000001F342238D50&gt;,
 'scheme': 'http',
 'server': ['testserver', 80],
 'starlette.exception_handlers': ({&lt;class 'starlette.exceptions.HTTPException'&gt;: &lt;function http_exception_handler at 0x000001F3409242C0&gt;,
                                   &lt;class 'fastapi.exceptions.WebSocketRequestValidationError'&gt;: &lt;function websocket_request_validation_exception_handler at 0x000001F340924360&gt;,
                                   &lt;class 'fastapi.exceptions.RequestValidationError'&gt;: &lt;function request_validation_exception_handler at 0x000001F340924540&gt;,
                                   &lt;class 'starlette.exceptions.WebSocketException'&gt;: &lt;bound method ExceptionMiddleware.websocket_exception of &lt;starlette.middleware.exceptions.ExceptionMiddleware object at 0x000001F3424DA900&gt;&gt;},
                                  {}),
 'state': {},
 'type': 'http'}
        self       = &lt;fastapi.routing.APIRouter object at 0x000001F342238D50&gt;
        send       = &lt;function wrap_app_handling_exceptions.&lt;locals&gt;.wrapped_app.&lt;locals&gt;.sender at 0x000001F34265A840&gt;
venv\Lib\site-packages\starlette\routing.py:736: in app
    await route.handle(scope, receive, send)
        child_scope = {'endpoint': &lt;function register at 0x000001F342146FC0&gt;,
 'path_params': {},
 'route': APIRoute(path='/api/v1/auth/register', name='register', methods=['POST'])}
        match      = &lt;Match.FULL: 2&gt;
        partial    = None
        receive    = &lt;function BaseHTTPMiddleware.__call__.&lt;locals&gt;.call_next.&lt;locals&gt;.receive_or_disconnect at 0x000001F34265A3E0&gt;
        route      = APIRoute(path='/api/v1/auth/register', name='register', methods=['POST'])
        scope      = {'app': &lt;fastapi.applications.FastAPI object at 0x000001F34211A3C0&gt;,
 'client': ('testclient', 50000),
 'endpoint': &lt;function register at 0x000001F342146FC0&gt;,
 'extensions': {'http.response.debug': {}},
 'headers': [(b'host', b'testserver'),
             (b'accept', b'*/*'),
             (b'accept-encoding', b'gzip, deflate'),
             (b'connection', b'keep-alive'),
             (b'user-agent', b'testclient'),
             (b'content-length', b'80'),
             (b'content-type', b'application/json')],
 'http_version': '1.1',
 'method': 'POST',
 'path': '/api/v1/auth/register',
 'path_params': {},
 'query_string': b'',
 'raw_path': b'/api/v1/auth/register',
 'root_path': '',
 'route': APIRoute(path='/api/v1/auth/register', name='register', methods=['POST']),
 'router': &lt;fastapi.routing.APIRouter object at 0x000001F342238D50&gt;,
 'scheme': 'http',
 'server': ['testserver', 80],
 'starlette.exception_handlers': ({&lt;class 'starlette.exceptions.HTTPException'&gt;: &lt;function http_exception_handler at 0x000001F3409242C0&gt;,
                                   &lt;class 'fastapi.exceptions.WebSocketRequestValidationError'&gt;: &lt;function websocket_request_validation_exception_handler at 0x000001F340924360&gt;,
                                   &lt;class 'fastapi.exceptions.RequestValidationError'&gt;: &lt;function request_validation_exception_handler at 0x000001F340924540&gt;,
                                   &lt;class 'starlette.exceptions.WebSocketException'&gt;: &lt;bound method ExceptionMiddleware.websocket_exception of &lt;starlette.middleware.exceptions.ExceptionMiddleware object at 0x000001F3424DA900&gt;&gt;},
                                  {}),
 'state': {},
 'type': 'http'}
        self       = &lt;fastapi.routing.APIRouter object at 0x000001F342238D50&gt;
        send       = &lt;function wrap_app_handling_exceptions.&lt;locals&gt;.wrapped_app.&lt;locals&gt;.sender at 0x000001F34265A840&gt;
venv\Lib\site-packages\starlette\routing.py:290: in handle
    await self.app(scope, receive, send)
        receive    = &lt;function BaseHTTPMiddleware.__call__.&lt;locals&gt;.call_next.&lt;locals&gt;.receive_or_disconnect at 0x000001F34265A3E0&gt;
        scope      = {'app': &lt;fastapi.applications.FastAPI object at 0x000001F34211A3C0&gt;,
 'client': ('testclient', 50000),
 'endpoint': &lt;function register at 0x000001F342146FC0&gt;,
 'extensions': {'http.response.debug': {}},
 'headers': [(b'host', b'testserver'),
             (b'accept', b'*/*'),
             (b'accept-encoding', b'gzip, deflate'),
             (b'connection', b'keep-alive'),
             (b'user-agent', b'testclient'),
             (b'content-length', b'80'),
             (b'content-type', b'application/json')],
 'http_version': '1.1',
 'method': 'POST',
 'path': '/api/v1/auth/register',
 'path_params': {},
 'query_string': b'',
 'raw_path': b'/api/v1/auth/register',
 'root_path': '',
 'route': APIRoute(path='/api/v1/auth/register', name='register', methods=['POST']),
 'router': &lt;fastapi.routing.APIRouter object at 0x000001F342238D50&gt;,
 'scheme': 'http',
 'server': ['testserver', 80],
 'starlette.exception_handlers': ({&lt;class 'starlette.exceptions.HTTPException'&gt;: &lt;function http_exception_handler at 0x000001F3409242C0&gt;,
                                   &lt;class 'fastapi.exceptions.WebSocketRequestValidationError'&gt;: &lt;function websocket_request_validation_exception_handler at 0x000001F340924360&gt;,
                                   &lt;class 'fastapi.exceptions.RequestValidationError'&gt;: &lt;function request_validation_exception_handler at 0x000001F340924540&gt;,
                                   &lt;class 'starlette.exceptions.WebSocketException'&gt;: &lt;bound method ExceptionMiddleware.websocket_exception of &lt;starlette.middleware.exceptions.ExceptionMiddleware object at 0x000001F3424DA900&gt;&gt;},
                                  {}),
 'state': {},
 'type': 'http'}
        self       = APIRoute(path='/api/v1/auth/register', name='register', methods=['POST'])
        send       = &lt;function wrap_app_handling_exceptions.&lt;locals&gt;.wrapped_app.&lt;locals&gt;.sender at 0x000001F34265A840&gt;
venv\Lib\site-packages\starlette\routing.py:78: in app
    await wrap_app_handling_exceptions(app, request)(scope, receive, send)
        app        = &lt;function request_response.&lt;locals&gt;.app.&lt;locals&gt;.app at 0x000001F34265A020&gt;
        f          = &lt;function get_request_handler.&lt;locals&gt;.app at 0x000001F3422A0B80&gt;
        receive    = &lt;function BaseHTTPMiddleware.__call__.&lt;locals&gt;.call_next.&lt;locals&gt;.receive_or_disconnect at 0x000001F34265A3E0&gt;
        request    = &lt;starlette.requests.Request object at 0x000001F3426239B0&gt;
        scope      = {'app': &lt;fastapi.applications.FastAPI object at 0x000001F34211A3C0&gt;,
 'client': ('testclient', 50000),
 'endpoint': &lt;function register at 0x000001F342146FC0&gt;,
 'extensions': {'http.response.debug': {}},
 'headers': [(b'host', b'testserver'),
             (b'accept', b'*/*'),
             (b'accept-encoding', b'gzip, deflate'),
             (b'connection', b'keep-alive'),
             (b'user-agent', b'testclient'),
             (b'content-length', b'80'),
             (b'content-type', b'application/json')],
 'http_version': '1.1',
 'method': 'POST',
 'path': '/api/v1/auth/register',
 'path_params': {},
 'query_string': b'',
 'raw_path': b'/api/v1/auth/register',
 'root_path': '',
 'route': APIRoute(path='/api/v1/auth/register', name='register', methods=['POST']),
 'router': &lt;fastapi.routing.APIRouter object at 0x000001F342238D50&gt;,
 'scheme': 'http',
 'server': ['testserver', 80],
 'starlette.exception_handlers': ({&lt;class 'starlette.exceptions.HTTPException'&gt;: &lt;function http_exception_handler at 0x000001F3409242C0&gt;,
                                   &lt;class 'fastapi.exceptions.WebSocketRequestValidationError'&gt;: &lt;function websocket_request_validation_exception_handler at 0x000001F340924360&gt;,
                                   &lt;class 'fastapi.exceptions.RequestValidationError'&gt;: &lt;function request_validation_exception_handler at 0x000001F340924540&gt;,
                                   &lt;class 'starlette.exceptions.WebSocketException'&gt;: &lt;bound method ExceptionMiddleware.websocket_exception of &lt;starlette.middleware.exceptions.ExceptionMiddleware object at 0x000001F3424DA900&gt;&gt;},
                                  {}),
 'state': {},
 'type': 'http'}
        send       = &lt;function wrap_app_handling_exceptions.&lt;locals&gt;.wrapped_app.&lt;locals&gt;.sender at 0x000001F34265A840&gt;
venv\Lib\site-packages\starlette\_exception_handler.py:53: in wrapped_app
    raise exc
        app        = &lt;function request_response.&lt;locals&gt;.app.&lt;locals&gt;.app at 0x000001F34265A020&gt;
        conn       = &lt;starlette.requests.Request object at 0x000001F3426239B0&gt;
        exception_handlers = {&lt;class 'starlette.exceptions.HTTPException'&gt;: &lt;function http_exception_handler at 0x000001F3409242C0&gt;,
 &lt;class 'fastapi.exceptions.WebSocketRequestValidationError'&gt;: &lt;function websocket_request_validation_exception_handler at 0x000001F340924360&gt;,
 &lt;class 'fastapi.exceptions.RequestValidationError'&gt;: &lt;function request_validation_exception_handler at 0x000001F340924540&gt;,
 &lt;class 'starlette.exceptions.WebSocketException'&gt;: &lt;bound method ExceptionMiddleware.websocket_exception of &lt;starlette.middleware.exceptions.ExceptionMiddleware object at 0x000001F3424DA900&gt;&gt;}
        handler    = None
        receive    = &lt;function BaseHTTPMiddleware.__call__.&lt;locals&gt;.call_next.&lt;locals&gt;.receive_or_disconnect at 0x000001F34265A3E0&gt;
        response_started = False
        scope      = {'app': &lt;fastapi.applications.FastAPI object at 0x000001F34211A3C0&gt;,
 'client': ('testclient', 50000),
 'endpoint': &lt;function register at 0x000001F342146FC0&gt;,
 'extensions': {'http.response.debug': {}},
 'headers': [(b'host', b'testserver'),
             (b'accept', b'*/*'),
             (b'accept-encoding', b'gzip, deflate'),
             (b'connection', b'keep-alive'),
             (b'user-agent', b'testclient'),
             (b'content-length', b'80'),
             (b'content-type', b'application/json')],
 'http_version': '1.1',
 'method': 'POST',
 'path': '/api/v1/auth/register',
 'path_params': {},
 'query_string': b'',
 'raw_path': b'/api/v1/auth/register',
 'root_path': '',
 'route': APIRoute(path='/api/v1/auth/register', name='register', methods=['POST']),
 'router': &lt;fastapi.routing.APIRouter object at 0x000001F342238D50&gt;,
 'scheme': 'http',
 'server': ['testserver', 80],
 'starlette.exception_handlers': ({&lt;class 'starlette.exceptions.HTTPException'&gt;: &lt;function http_exception_handler at 0x000001F3409242C0&gt;,
                                   &lt;class 'fastapi.exceptions.WebSocketRequestValidationError'&gt;: &lt;function websocket_request_validation_exception_handler at 0x000001F340924360&gt;,
                                   &lt;class 'fastapi.exceptions.RequestValidationError'&gt;: &lt;function request_validation_exception_handler at 0x000001F340924540&gt;,
                                   &lt;class 'starlette.exceptions.WebSocketException'&gt;: &lt;bound method ExceptionMiddleware.websocket_exception of &lt;starlette.middleware.exceptions.ExceptionMiddleware object at 0x000001F3424DA900&gt;&gt;},
                                  {}),
 'state': {},
 'type': 'http'}
        send       = &lt;function wrap_app_handling_exceptions.&lt;locals&gt;.wrapped_app.&lt;locals&gt;.sender at 0x000001F34265A840&gt;
        sender     = &lt;function wrap_app_handling_exceptions.&lt;locals&gt;.wrapped_app.&lt;locals&gt;.sender at 0x000001F34265A5C0&gt;
        status_handlers = {}
venv\Lib\site-packages\starlette\_exception_handler.py:42: in wrapped_app
    await app(scope, receive, sender)
        app        = &lt;function request_response.&lt;locals&gt;.app.&lt;locals&gt;.app at 0x000001F34265A020&gt;
        conn       = &lt;starlette.requests.Request object at 0x000001F3426239B0&gt;
        exception_handlers = {&lt;class 'starlette.exceptions.HTTPException'&gt;: &lt;function http_exception_handler at 0x000001F3409242C0&gt;,
 &lt;class 'fastapi.exceptions.WebSocketRequestValidationError'&gt;: &lt;function websocket_request_validation_exception_handler at 0x000001F340924360&gt;,
 &lt;class 'fastapi.exceptions.RequestValidationError'&gt;: &lt;function request_validation_exception_handler at 0x000001F340924540&gt;,
 &lt;class 'starlette.exceptions.WebSocketException'&gt;: &lt;bound method ExceptionMiddleware.websocket_exception of &lt;starlette.middleware.exceptions.ExceptionMiddleware object at 0x000001F3424DA900&gt;&gt;}
        handler    = None
        receive    = &lt;function BaseHTTPMiddleware.__call__.&lt;locals&gt;.call_next.&lt;locals&gt;.receive_or_disconnect at 0x000001F34265A3E0&gt;
        response_started = False
        scope      = {'app': &lt;fastapi.applications.FastAPI object at 0x000001F34211A3C0&gt;,
 'client': ('testclient', 50000),
 'endpoint': &lt;function register at 0x000001F342146FC0&gt;,
 'extensions': {'http.response.debug': {}},
 'headers': [(b'host', b'testserver'),
             (b'accept', b'*/*'),
             (b'accept-encoding', b'gzip, deflate'),
             (b'connection', b'keep-alive'),
             (b'user-agent', b'testclient'),
             (b'content-length', b'80'),
             (b'content-type', b'application/json')],
 'http_version': '1.1',
 'method': 'POST',
 'path': '/api/v1/auth/register',
 'path_params': {},
 'query_string': b'',
 'raw_path': b'/api/v1/auth/register',
 'root_path': '',
 'route': APIRoute(path='/api/v1/auth/register', name='register', methods=['POST']),
 'router': &lt;fastapi.routing.APIRouter object at 0x000001F342238D50&gt;,
 'scheme': 'http',
 'server': ['testserver', 80],
 'starlette.exception_handlers': ({&lt;class 'starlette.exceptions.HTTPException'&gt;: &lt;function http_exception_handler at 0x000001F3409242C0&gt;,
                                   &lt;class 'fastapi.exceptions.WebSocketRequestValidationError'&gt;: &lt;function websocket_request_validation_exception_handler at 0x000001F340924360&gt;,
                                   &lt;class 'fastapi.exceptions.RequestValidationError'&gt;: &lt;function request_validation_exception_handler at 0x000001F340924540&gt;,
                                   &lt;class 'starlette.exceptions.WebSocketException'&gt;: &lt;bound method ExceptionMiddleware.websocket_exception of &lt;starlette.middleware.exceptions.ExceptionMiddleware object at 0x000001F3424DA900&gt;&gt;},
                                  {}),
 'state': {},
 'type': 'http'}
        send       = &lt;function wrap_app_handling_exceptions.&lt;locals&gt;.wrapped_app.&lt;locals&gt;.sender at 0x000001F34265A840&gt;
        sender     = &lt;function wrap_app_handling_exceptions.&lt;locals&gt;.wrapped_app.&lt;locals&gt;.sender at 0x000001F34265A5C0&gt;
        status_handlers = {}
venv\Lib\site-packages\starlette\routing.py:75: in app
    response = await f(request)
               ^^^^^^^^^^^^^^^^
        f          = &lt;function get_request_handler.&lt;locals&gt;.app at 0x000001F3422A0B80&gt;
        receive    = &lt;function BaseHTTPMiddleware.__call__.&lt;locals&gt;.call_next.&lt;locals&gt;.receive_or_disconnect at 0x000001F34265A3E0&gt;
        request    = &lt;starlette.requests.Request object at 0x000001F3426239B0&gt;
        scope      = {'app': &lt;fastapi.applications.FastAPI object at 0x000001F34211A3C0&gt;,
 'client': ('testclient', 50000),
 'endpoint': &lt;function register at 0x000001F342146FC0&gt;,
 'extensions': {'http.response.debug': {}},
 'headers': [(b'host', b'testserver'),
             (b'accept', b'*/*'),
             (b'accept-encoding', b'gzip, deflate'),
             (b'connection', b'keep-alive'),
             (b'user-agent', b'testclient'),
             (b'content-length', b'80'),
             (b'content-type', b'application/json')],
 'http_version': '1.1',
 'method': 'POST',
 'path': '/api/v1/auth/register',
 'path_params': {},
 'query_string': b'',
 'raw_path': b'/api/v1/auth/register',
 'root_path': '',
 'route': APIRoute(path='/api/v1/auth/register', name='register', methods=['POST']),
 'router': &lt;fastapi.routing.APIRouter object at 0x000001F342238D50&gt;,
 'scheme': 'http',
 'server': ['testserver', 80],
 'starlette.exception_handlers': ({&lt;class 'starlette.exceptions.HTTPException'&gt;: &lt;function http_exception_handler at 0x000001F3409242C0&gt;,
                                   &lt;class 'fastapi.exceptions.WebSocketRequestValidationError'&gt;: &lt;function websocket_request_validation_exception_handler at 0x000001F340924360&gt;,
                                   &lt;class 'fastapi.exceptions.RequestValidationError'&gt;: &lt;function request_validation_exception_handler at 0x000001F340924540&gt;,
                                   &lt;class 'starlette.exceptions.WebSocketException'&gt;: &lt;bound method ExceptionMiddleware.websocket_exception of &lt;starlette.middleware.exceptions.ExceptionMiddleware object at 0x000001F3424DA900&gt;&gt;},
                                  {}),
 'state': {},
 'type': 'http'}
        send       = &lt;function wrap_app_handling_exceptions.&lt;locals&gt;.wrapped_app.&lt;locals&gt;.sender at 0x000001F34265A5C0&gt;
venv\Lib\site-packages\fastapi\routing.py:334: in app
    content = await serialize_response(
        actual_response_class = &lt;class 'starlette.responses.JSONResponse'&gt;
        async_exit_stack = &lt;contextlib.AsyncExitStack object at 0x000001F3425FFAD0&gt;
        body       = {'email': 'test@example.com', 'password': 'testpass123', 'username': 'testuser'}
        body_bytes = (b'{"username": "testuser", "email": "test@example.com", "password": "testpass1'
 b'23"}')
        body_field = ModelField(field_info=Body(PydanticUndefined),
           name='user_data',
           mode='validation')
        content_type_value = 'application/json'
        current_status_code = None
        dependant  = Dependant(path_params=[],
          query_params=[],
          header_params=[],
          cookie_params=[],
          body_params=[ModelField(field_info=Body(PydanticUndefined),
                                  name='user_data',
                                  mode='validation')],
          dependencies=[Dependant(path_params=[],
                                  query_params=[],
                                  header_params=[],
                                  cookie_params=[],
                                  body_params=[],
                                  dependencies=[],
                                  security_requirements=[],
                                  name='session',
                                  call=&lt;function get_session at 0x000001F340D3A020&gt;,
                                  request_param_name=None,
                                  websocket_param_name=None,
                                  http_connection_param_name=None,
                                  response_param_name=None,
                                  background_tasks_param_name=None,
                                  security_scopes_param_name=None,
                                  security_scopes=[],
                                  use_cache=True,
                                  path='/api/v1/auth/register',
                                  cache_key=(&lt;function get_session at 0x000001F340D3A020&gt;,
                                             ()))],
          security_requirements=[],
          name=None,
          call=&lt;function register at 0x000001F342146FC0&gt;,
          request_param_name=None,
          websocket_param_name=None,
          http_connection_param_name=None,
          response_param_name=None,
          background_tasks_param_name=None,
          security_scopes_param_name=None,
          security_scopes=None,
          use_cache=True,
          path='/api/v1/auth/register',
          cache_key=(&lt;function register at 0x000001F342146FC0&gt;, ()))
        dependency_overrides_provider = &lt;fastapi.applications.FastAPI object at 0x000001F34211A3C0&gt;
        embed_body_fields = False
        errors     = []
        file_stack = &lt;contextlib.AsyncExitStack object at 0x000001F34264F950&gt;
        is_body_form = False
        is_coroutine = True
        json_body  = {'email': 'test@example.com', 'password': 'testpass123', 'username': 'testuser'}
        message    = &lt;email.message.Message object at 0x000001F34265AC10&gt;
        raw_response = User(username='testuser', email='test@example.com', is_active=True, created_at=datetime.datetime(2025, 11, 10, 4, 2, 19, 102887), id=1, hashed_password='$argon2id$v=19$m=65536,t=3,p=4$RqiV0nqv1XoPAUDo3dv7Hw$RA61NhC7N3O/aTkpxqREtN1CnH/dzknld4T+YbGQN94', is_admin=False, updated_at=datetime.datetime(2025, 11, 10, 4, 2, 19, 103014))
        request    = &lt;starlette.requests.Request object at 0x000001F3426239B0&gt;
        response   = None
        response_args = {'background': None}
        response_field = ModelField(field_info=FieldInfo(annotation=UserResponse, required=True),
           name='Response_register_api_v1_auth_register_post',
           mode='serialization')
        response_model_by_alias = True
        response_model_exclude = None
        response_model_exclude_defaults = False
        response_model_exclude_none = False
        response_model_exclude_unset = False
        response_model_include = None
        solved_result = SolvedDependency(values={'session': &lt;sqlmodel.orm.session.Session object at 0x000001F34268C050&gt;,
                         'user_data': UserCreate(username='testuser', password='testpass123', email='test@example.com')},
                 errors=[],
                 background_tasks=None,
                 response=&lt;starlette.responses.Response object at 0x000001F34264A5D0&gt;,
                 dependency_cache={(&lt;function get_session at 0x000001F340D3A020&gt;, ()): &lt;sqlmodel.orm.session.Session object at 0x000001F34268C050&gt;})
        status_code = None
        subtype    = 'json'
venv\Lib\site-packages\fastapi\routing.py:183: in serialize_response
    raise ResponseValidationError(
E   fastapi.exceptions.ResponseValidationError: 1 validation errors:
E     {'type': 'string_type', 'loc': ('response', 'id'), 'msg': 'Input should be a valid string', 'input': 1}
        by_alias   = True
        errors     = [{'input': 1,
  'loc': ('response', 'id'),
  'msg': 'Input should be a valid string',
  'type': 'string_type'}]
        errors_    = [{'input': 1,
  'loc': ('response', 'id'),
  'msg': 'Input should be a valid string',
  'type': 'string_type'}]
        exclude    = None
        exclude_defaults = False
        exclude_none = False
        exclude_unset = False
        field      = ModelField(field_info=FieldInfo(annotation=UserResponse, required=True),
           name='Response_register_api_v1_auth_register_post',
           mode='serialization')
        include    = None
        is_coroutine = True
        response_content = User(username='testuser', email='test@example.com', is_active=True, created_at=datetime.datetime(2025, 11, 10, 4, 2, 19, 102887), id=1, hashed_password='$argon2id$v=19$m=65536,t=3,p=4$RqiV0nqv1XoPAUDo3dv7Hw$RA61NhC7N3O/aTkpxqREtN1CnH/dzknld4T+YbGQN94', is_admin=False, updated_at=datetime.datetime(2025, 11, 10, 4, 2, 19, 103014))
        value      = None</failure></testcase></testsuite></testsuites>